Archive member included to satisfy reference by file (symbol)

../Drivers/CMSIS/Lib/GCC\libarm_cortexM0l_math.a(arm_mean_f32.o)
                              ./Core/Src/heater.o (arm_mean_f32)
C:/ST/STM32CubeIDE_1.13.2/STM32CubeIDE/plugins/com.st.stm32cube.ide.mcu.externaltools.gnu-tools-for-stm32.11.3.rel1.win32_1.1.1.202309131626/tools/bin/../lib/gcc/arm-none-eabi/11.3.1/../../../../arm-none-eabi/lib/thumb/v6-m/nofp\libc_nano.a(libc_a-exit.o)
                              C:/ST/STM32CubeIDE_1.13.2/STM32CubeIDE/plugins/com.st.stm32cube.ide.mcu.externaltools.gnu-tools-for-stm32.11.3.rel1.win32_1.1.1.202309131626/tools/bin/../lib/gcc/arm-none-eabi/11.3.1/../../../../arm-none-eabi/lib/thumb/v6-m/nofp/crt0.o (exit)
C:/ST/STM32CubeIDE_1.13.2/STM32CubeIDE/plugins/com.st.stm32cube.ide.mcu.externaltools.gnu-tools-for-stm32.11.3.rel1.win32_1.1.1.202309131626/tools/bin/../lib/gcc/arm-none-eabi/11.3.1/../../../../arm-none-eabi/lib/thumb/v6-m/nofp\libc_nano.a(libc_a-malloc.o)
                              ./Core/Src/event.o (malloc)
C:/ST/STM32CubeIDE_1.13.2/STM32CubeIDE/plugins/com.st.stm32cube.ide.mcu.externaltools.gnu-tools-for-stm32.11.3.rel1.win32_1.1.1.202309131626/tools/bin/../lib/gcc/arm-none-eabi/11.3.1/../../../../arm-none-eabi/lib/thumb/v6-m/nofp\libc_nano.a(libc_a-mallocr.o)
                              C:/ST/STM32CubeIDE_1.13.2/STM32CubeIDE/plugins/com.st.stm32cube.ide.mcu.externaltools.gnu-tools-for-stm32.11.3.rel1.win32_1.1.1.202309131626/tools/bin/../lib/gcc/arm-none-eabi/11.3.1/../../../../arm-none-eabi/lib/thumb/v6-m/nofp\libc_nano.a(libc_a-malloc.o) (_malloc_r)
C:/ST/STM32CubeIDE_1.13.2/STM32CubeIDE/plugins/com.st.stm32cube.ide.mcu.externaltools.gnu-tools-for-stm32.11.3.rel1.win32_1.1.1.202309131626/tools/bin/../lib/gcc/arm-none-eabi/11.3.1/../../../../arm-none-eabi/lib/thumb/v6-m/nofp\libc_nano.a(libc_a-mlock.o)
                              C:/ST/STM32CubeIDE_1.13.2/STM32CubeIDE/plugins/com.st.stm32cube.ide.mcu.externaltools.gnu-tools-for-stm32.11.3.rel1.win32_1.1.1.202309131626/tools/bin/../lib/gcc/arm-none-eabi/11.3.1/../../../../arm-none-eabi/lib/thumb/v6-m/nofp\libc_nano.a(libc_a-mallocr.o) (__malloc_lock)
C:/ST/STM32CubeIDE_1.13.2/STM32CubeIDE/plugins/com.st.stm32cube.ide.mcu.externaltools.gnu-tools-for-stm32.11.3.rel1.win32_1.1.1.202309131626/tools/bin/../lib/gcc/arm-none-eabi/11.3.1/../../../../arm-none-eabi/lib/thumb/v6-m/nofp\libc_nano.a(libc_a-nano-vfprintf_float.o)
                              (_printf_float)
C:/ST/STM32CubeIDE_1.13.2/STM32CubeIDE/plugins/com.st.stm32cube.ide.mcu.externaltools.gnu-tools-for-stm32.11.3.rel1.win32_1.1.1.202309131626/tools/bin/../lib/gcc/arm-none-eabi/11.3.1/../../../../arm-none-eabi/lib/thumb/v6-m/nofp\libc_nano.a(libc_a-nano-vfprintf_i.o)
                              C:/ST/STM32CubeIDE_1.13.2/STM32CubeIDE/plugins/com.st.stm32cube.ide.mcu.externaltools.gnu-tools-for-stm32.11.3.rel1.win32_1.1.1.202309131626/tools/bin/../lib/gcc/arm-none-eabi/11.3.1/../../../../arm-none-eabi/lib/thumb/v6-m/nofp\libc_nano.a(libc_a-nano-vfprintf_float.o) (_printf_common)
C:/ST/STM32CubeIDE_1.13.2/STM32CubeIDE/plugins/com.st.stm32cube.ide.mcu.externaltools.gnu-tools-for-stm32.11.3.rel1.win32_1.1.1.202309131626/tools/bin/../lib/gcc/arm-none-eabi/11.3.1/../../../../arm-none-eabi/lib/thumb/v6-m/nofp\libc_nano.a(libc_a-findfp.o)
                              C:/ST/STM32CubeIDE_1.13.2/STM32CubeIDE/plugins/com.st.stm32cube.ide.mcu.externaltools.gnu-tools-for-stm32.11.3.rel1.win32_1.1.1.202309131626/tools/bin/../lib/gcc/arm-none-eabi/11.3.1/../../../../arm-none-eabi/lib/thumb/v6-m/nofp\libc_nano.a(libc_a-exit.o) (__stdio_exit_handler)
C:/ST/STM32CubeIDE_1.13.2/STM32CubeIDE/plugins/com.st.stm32cube.ide.mcu.externaltools.gnu-tools-for-stm32.11.3.rel1.win32_1.1.1.202309131626/tools/bin/../lib/gcc/arm-none-eabi/11.3.1/../../../../arm-none-eabi/lib/thumb/v6-m/nofp\libc_nano.a(libc_a-fwalk.o)
                              C:/ST/STM32CubeIDE_1.13.2/STM32CubeIDE/plugins/com.st.stm32cube.ide.mcu.externaltools.gnu-tools-for-stm32.11.3.rel1.win32_1.1.1.202309131626/tools/bin/../lib/gcc/arm-none-eabi/11.3.1/../../../../arm-none-eabi/lib/thumb/v6-m/nofp\libc_nano.a(libc_a-findfp.o) (_fwalk_sglue)
C:/ST/STM32CubeIDE_1.13.2/STM32CubeIDE/plugins/com.st.stm32cube.ide.mcu.externaltools.gnu-tools-for-stm32.11.3.rel1.win32_1.1.1.202309131626/tools/bin/../lib/gcc/arm-none-eabi/11.3.1/../../../../arm-none-eabi/lib/thumb/v6-m/nofp\libc_nano.a(libc_a-fwrite.o)
                              ./Core/Src/event.o (fwrite)
C:/ST/STM32CubeIDE_1.13.2/STM32CubeIDE/plugins/com.st.stm32cube.ide.mcu.externaltools.gnu-tools-for-stm32.11.3.rel1.win32_1.1.1.202309131626/tools/bin/../lib/gcc/arm-none-eabi/11.3.1/../../../../arm-none-eabi/lib/thumb/v6-m/nofp\libc_nano.a(libc_a-printf.o)
                              ./Core/Src/MAX31855.o (printf)
[...]
Memory Configuration

Name             Origin             Length             Attributes
RAM              0x0000000020000000 0x0000000000002000 xrw
FLASH            0x0000000008000000 0x0000000000010000 xr
*default*        0x0000000000000000 0xffffffffffffffff

Linker script and memory map

LOAD C:/ST/STM32CubeIDE_1.13.2/STM32CubeIDE/plugins/com.st.stm32cube.ide.mcu.externaltools.gnu-tools-for-stm32.11.3.rel1.win32_1.1.1.202309131626/tools/bin/../lib/gcc/arm-none-eabi/11.3.1/thumb/v6-m/nofp/crti.o
LOAD C:/ST/STM32CubeIDE_1.13.2/STM32CubeIDE/plugins/com.st.stm32cube.ide.mcu.externaltools.gnu-tools-for-stm32.11.3.rel1.win32_1.1.1.202309131626/tools/bin/../lib/gcc/arm-none-eabi/11.3.1/thumb/v6-m/nofp/crtbegin.o
LOAD C:/ST/STM32CubeIDE_1.13.2/STM32CubeIDE/plugins/com.st.stm32cube.ide.mcu.externaltools.gnu-tools-for-stm32.11.3.rel1.win32_1.1.1.202309131626/tools/bin/../lib/gcc/arm-none-eabi/11.3.1/../../../../arm-none-eabi/lib/thumb/v6-m/nofp/crt0.o
LOAD ./Core/Src/MAX31855.o
LOAD ./Core/Src/encoder.o
LOAD ./Core/Src/event.o
LOAD ./Core/Src/heater.o
LOAD ./Core/Src/lcd1602_rgb.o
LOAD ./Core/Src/log.o
LOAD ./Core/Src/main.o
LOAD ./Core/Src/pid.o
LOAD ./Core/Src/stm32f0xx_hal_msp.o
LOAD ./Core/Src/stm32f0xx_it.o
LOAD ./Core/Src/syscalls.o
LOAD ./Core/Src/sysmem.o
LOAD ./Core/Src/system_stm32f0xx.o
LOAD ./Core/Src/ui.o
LOAD ./Core/Startup/startup_stm32f030c8tx.o
LOAD ./Drivers/STM32F0xx_HAL_Driver/Src/stm32f0xx_hal.o
LOAD ./Drivers/STM32F0xx_HAL_Driver/Src/stm32f0xx_hal_cortex.o
LOAD ./Drivers/STM32F0xx_HAL_Driver/Src/stm32f0xx_hal_dma.o
LOAD ./Drivers/STM32F0xx_HAL_Driver/Src/stm32f0xx_hal_exti.o
LOAD ./Drivers/STM32F0xx_HAL_Driver/Src/stm32f0xx_hal_flash.o
LOAD ./Drivers/STM32F0xx_HAL_Driver/Src/stm32f0xx_hal_flash_ex.o
LOAD ./Drivers/STM32F0xx_HAL_Driver/Src/stm32f0xx_hal_gpio.o
LOAD ./Drivers/STM32F0xx_HAL_Driver/Src/stm32f0xx_hal_i2c.o
LOAD ./Drivers/STM32F0xx_HAL_Driver/Src/stm32f0xx_hal_i2c_ex.o
LOAD ./Drivers/STM32F0xx_HAL_Driver/Src/stm32f0xx_hal_pwr.o
LOAD ./Drivers/STM32F0xx_HAL_Driver/Src/stm32f0xx_hal_pwr_ex.o
LOAD ./Drivers/STM32F0xx_HAL_Driver/Src/stm32f0xx_hal_rcc.o
LOAD ./Drivers/STM32F0xx_HAL_Driver/Src/stm32f0xx_hal_rcc_ex.o
LOAD ./Drivers/STM32F0xx_HAL_Driver/Src/stm32f0xx_hal_rtc.o
LOAD ./Drivers/STM32F0xx_HAL_Driver/Src/stm32f0xx_hal_rtc_ex.o
LOAD ./Drivers/STM32F0xx_HAL_Driver/Src/stm32f0xx_hal_spi.o
LOAD ./Drivers/STM32F0xx_HAL_Driver/Src/stm32f0xx_hal_spi_ex.o
LOAD ./Drivers/STM32F0xx_HAL_Driver/Src/stm32f0xx_hal_tim.o
LOAD ./Drivers/STM32F0xx_HAL_Driver/Src/stm32f0xx_hal_tim_ex.o
LOAD ./Drivers/STM32F0xx_HAL_Driver/Src/stm32f0xx_hal_uart.o
LOAD ./Drivers/STM32F0xx_HAL_Driver/Src/stm32f0xx_hal_uart_ex.o
LOAD ../Drivers/CMSIS/Lib/GCC\libarm_cortexM0l_math.a
START GROUP
LOAD C:/ST/STM32CubeIDE_1.13.2/STM32CubeIDE/plugins/com.st.stm32cube.ide.mcu.externaltools.gnu-tools-for-stm32.11.3.rel1.win32_1.1.1.202309131626/tools/bin/../lib/gcc/arm-none-eabi/11.3.1/../../../../arm-none-eabi/lib/thumb/v6-m/nofp\libc_nano.a
LOAD C:/ST/STM32CubeIDE_1.13.2/STM32CubeIDE/plugins/com.st.stm32cube.ide.mcu.externaltools.gnu-tools-for-stm32.11.3.rel1.win32_1.1.1.202309131626/tools/bin/../lib/gcc/arm-none-eabi/11.3.1/../../../../arm-none-eabi/lib/thumb/v6-m/nofp\libm.a
END GROUP
START GROUP
LOAD C:/ST/STM32CubeIDE_1.13.2/STM32CubeIDE/plugins/com.st.stm32cube.ide.mcu.externaltools.gnu-tools-for-stm32.11.3.rel1.win32_1.1.1.202309131626/tools/bin/../lib/gcc/arm-none-eabi/11.3.1/thumb/v6-m/nofp\libgcc.a
LOAD C:/ST/STM32CubeIDE_1.13.2/STM32CubeIDE/plugins/com.st.stm32cube.ide.mcu.externaltools.gnu-tools-for-stm32.11.3.rel1.win32_1.1.1.202309131626/tools/bin/../lib/gcc/arm-none-eabi/11.3.1/../../../../arm-none-eabi/lib/thumb/v6-m/nofp\libc_nano.a
END GROUP
START GROUP
LOAD C:/ST/STM32CubeIDE_1.13.2/STM32CubeIDE/plugins/com.st.stm32cube.ide.mcu.externaltools.gnu-tools-for-stm32.11.3.rel1.win32_1.1.1.202309131626/tools/bin/../lib/gcc/arm-none-eabi/11.3.1/thumb/v6-m/nofp\libgcc.a
LOAD C:/ST/STM32CubeIDE_1.13.2/STM32CubeIDE/plugins/com.st.stm32cube.ide.mcu.externaltools.gnu-tools-for-stm32.11.3.rel1.win32_1.1.1.202309131626/tools/bin/../lib/gcc/arm-none-eabi/11.3.1/../../../../arm-none-eabi/lib/thumb/v6-m/nofp\libc_nano.a
LOAD C:/ST/STM32CubeIDE_1.13.2/STM32CubeIDE/plugins/com.st.stm32cube.ide.mcu.externaltools.gnu-tools-for-stm32.11.3.rel1.win32_1.1.1.202309131626/tools/bin/../lib/gcc/arm-none-eabi/11.3.1/../../../../arm-none-eabi/lib/thumb/v6-m/nofp\libnosys.a
END GROUP
START GROUP
LOAD C:/ST/STM32CubeIDE_1.13.2/STM32CubeIDE/plugins/com.st.stm32cube.ide.mcu.externaltools.gnu-tools-for-stm32.11.3.rel1.win32_1.1.1.202309131626/tools/bin/../lib/gcc/arm-none-eabi/11.3.1/thumb/v6-m/nofp\libgcc.a
LOAD C:/ST/STM32CubeIDE_1.13.2/STM32CubeIDE/plugins/com.st.stm32cube.ide.mcu.externaltools.gnu-tools-for-stm32.11.3.rel1.win32_1.1.1.202309131626/tools/bin/../lib/gcc/arm-none-eabi/11.3.1/../../../../arm-none-eabi/lib/thumb/v6-m/nofp\libc_nano.a
LOAD C:/ST/STM32CubeIDE_1.13.2/STM32CubeIDE/plugins/com.st.stm32cube.ide.mcu.externaltools.gnu-tools-for-stm32.11.3.rel1.win32_1.1.1.202309131626/tools/bin/../lib/gcc/arm-none-eabi/11.3.1/../../../../arm-none-eabi/lib/thumb/v6-m/nofp\libnosys.a
END GROUP
LOAD C:/ST/STM32CubeIDE_1.13.2/STM32CubeIDE/plugins/com.st.stm32cube.ide.mcu.externaltools.gnu-tools-for-stm32.11.3.rel1.win32_1.1.1.202309131626/tools/bin/../lib/gcc/arm-none-eabi/11.3.1/thumb/v6-m/nofp/crtend.o
LOAD C:/ST/STM32CubeIDE_1.13.2/STM32CubeIDE/plugins/com.st.stm32cube.ide.mcu.externaltools.gnu-tools-for-stm32.11.3.rel1.win32_1.1.1.202309131626/tools/bin/../lib/gcc/arm-none-eabi/11.3.1/thumb/v6-m/nofp/crtn.o
                0x0000000020002000                _estack = (ORIGIN (RAM) + LENGTH (RAM))
                0x0000000000000200                _Min_Heap_Size = 0x200
                0x0000000000000400                _Min_Stack_Size = 0x400

.isr_vector     0x0000000008000000       0xc0
                0x0000000008000000                . = ALIGN (0x4)
 *(.isr_vector)
 .isr_vector    0x0000000008000000       0xc0 ./Core/Startup/startup_stm32f030c8tx.o
                0x0000000008000000                g_pfnVectors
                0x00000000080000c0                . = ALIGN (0x4)

.text           0x00000000080000c0     0xc4bc
                0x00000000080000c0                . = ALIGN (0x4)
 *(.text)
 .text          0x00000000080000c0       0x48 C:/ST/STM32CubeIDE_1.13.2/STM32CubeIDE/plugins/com.st.stm32cube.ide.mcu.externaltools.gnu-tools-for-stm32.11.3.rel1.win32_1.1.1.202309131626/tools/bin/../lib/gcc/arm-none-eabi/11.3.1/thumb/v6-m/nofp/crtbegin.o
 .text          0x0000000008000108        0xe C:/ST/STM32CubeIDE_1.13.2/STM32CubeIDE/plugins/com.st.stm32cube.ide.mcu.externaltools.gnu-tools-for-stm32.11.3.rel1.win32_1.1.1.202309131626/tools/bin/../lib/gcc/arm-none-eabi/11.3.1/../../../../arm-none-eabi/lib/thumb/v6-m/nofp\libc_nano.a(libc_a-strlen.o)
                0x0000000008000108                strlen
 *fill*         0x0000000008000116        0x2 
 .text          0x0000000008000118       0x14 C:/ST/STM32CubeIDE_1.13.2/STM32CubeIDE/plugins/com.st.stm32cube.ide.mcu.externaltools.gnu-tools-for-stm32.11.3.rel1.win32_1.1.1.202309131626/tools/bin/../lib/gcc/arm-none-eabi/11.3.1/thumb/v6-m/nofp\libgcc.a(_thumb1_case_uqi.o)
                0x0000000008000118                __gnu_thumb1_case_uqi
 .text          0x000000000800012c       0x14 C:/ST/STM32CubeIDE_1.13.2/STM32CubeIDE/plugins/com.st.stm32cube.ide.mcu.externaltools.gnu-tools-for-stm32.11.3.rel1.win32_1.1.1.202309131626/tools/bin/../lib/gcc/arm-none-eabi/11.3.1/thumb/v6-m/nofp\libgcc.a(_thumb1_case_shi.o)
                0x000000000800012c                __gnu_thumb1_case_shi
 .text          0x0000000008000140      0x114 C:/ST/STM32CubeIDE_1.13.2/STM32CubeIDE/plugins/com.st.stm32cube.ide.mcu.externaltools.gnu-tools-for-stm32.11.3.rel1.win32_1.1.1.202309131626/tools/bin/../lib/gcc/arm-none-eabi/11.3.1/thumb/v6-m/nofp\libgcc.a(_udivsi3.o)
                0x0000000008000140                __aeabi_uidiv
                0x0000000008000140                __udivsi3
                0x000000000800024c                __aeabi_uidivmod
 .text          0x0000000008000254      0x1d4 C:/ST/STM32CubeIDE_1.13.2/STM32CubeIDE/plugins/com.st.stm32cube.ide.mcu.externaltools.gnu-tools-for-stm32.11.3.rel1.win32_1.1.1.202309131626/tools/bin/../lib/gcc/arm-none-eabi/11.3.1/thumb/v6-m/nofp\libgcc.a(_divsi3.o)
                0x0000000008000254                __divsi3
                0x0000000008000254                __aeabi_idiv
                0x0000000008000420                __aeabi_idivmod
 .text          0x0000000008000428        0x4 C:/ST/STM32CubeIDE_1.13.2/STM32CubeIDE/plugins/com.st.stm32cube.ide.mcu.externaltools.gnu-tools-for-stm32.11.3.rel1.win32_1.1.1.202309131626/tools/bin/../lib/gcc/arm-none-eabi/11.3.1/thumb/v6-m/nofp\libgcc.a(_dvmd_tls.o)
                0x0000000008000428                __aeabi_idiv0
                0x0000000008000428                __aeabi_ldiv0
 .text          0x000000000800042c       0x7c C:/ST/STM32CubeIDE_1.13.2/STM32CubeIDE/plugins/com.st.stm32cube.ide.mcu.externaltools.gnu-tools-for-stm32.11.3.rel1.win32_1.1.1.202309131626/tools/bin/../lib/gcc/arm-none-eabi/11.3.1/thumb/v6-m/nofp\libgcc.a(_arm_cmpdf2.o)
                0x000000000800042c                __aeabi_cdrcmple
                0x000000000800043c                __aeabi_cdcmple
                0x000000000800043c                __aeabi_cdcmpeq
                0x000000000800044c                __aeabi_dcmpeq
                0x0000000008000458                __aeabi_dcmplt
                0x000000000800046c                __aeabi_dcmple
                0x0000000008000480                __aeabi_dcmpgt
                0x0000000008000494                __aeabi_dcmpge
 .text          0x00000000080004a8      0x340 C:/ST/STM32CubeIDE_1.13.2/STM32CubeIDE/plugins/com.st.stm32cube.ide.mcu.externaltools.gnu-tools-for-stm32.11.3.rel1.win32_1.1.1.202309131626/tools/bin/../lib/gcc/arm-none-eabi/11.3.1/thumb/v6-m/nofp\libgcc.a(addsf3.o)
                0x00000000080004a8                __aeabi_fadd
 .text          0x00000000080007e8      0x234 C:/ST/STM32CubeIDE_1.13.2/STM32CubeIDE/plugins/com.st.stm32cube.ide.mcu.externaltools.gnu-tools-for-stm32.11.3.rel1.win32_1.1.1.202309131626/tools/bin/../lib/gcc/arm-none-eabi/11.3.1/thumb/v6-m/nofp\libgcc.a(divsf3.o)
                0x00000000080007e8                __aeabi_fdiv
 .text          0x0000000008000a1c      0x29c C:/ST/STM32CubeIDE_1.13.2/STM32CubeIDE/plugins/com.st.stm32cube.ide.mcu.externaltools.gnu-tools-for-stm32.11.3.rel1.win32_1.1.1.202309131626/tools/bin/../lib/gcc/arm-none-eabi/11.3.1/thumb/v6-m/nofp\libgcc.a(mulsf3.o)
                0x0000000008000a1c                __aeabi_fmul
 .text          0x0000000008000cb8      0x340 C:/ST/STM32CubeIDE_1.13.2/STM32CubeIDE/plugins/com.st.stm32cube.ide.mcu.externaltools.gnu-tools-for-stm32.11.3.rel1.win32_1.1.1.202309131626/tools/bin/../lib/gcc/arm-none-eabi/11.3.1/thumb/v6-m/nofp\libgcc.a(subsf3.o)
                0x0000000008000cb8                __aeabi_fsub
 .text          0x0000000008000ff8       0xa4 C:/ST/STM32CubeIDE_1.13.2/STM32CubeIDE/plugins/com.st.stm32cube.ide.mcu.externaltools.gnu-tools-for-stm32.11.3.rel1.win32_1.1.1.202309131626/tools/bin/../lib/gcc/arm-none-eabi/11.3.1/thumb/v6-m/nofp\libgcc.a(floatsisf.o)
                0x0000000008000ff8                __aeabi_i2f
 .text          0x000000000800109c       0x90 C:/ST/STM32CubeIDE_1.13.2/STM32CubeIDE/plugins/com.st.stm32cube.ide.mcu.externaltools.gnu-tools-for-stm32.11.3.rel1.win32_1.1.1.202309131626/tools/bin/../lib/gcc/arm-none-eabi/11.3.1/thumb/v6-m/nofp\libgcc.a(floatunsisf.o)
                0x000000000800109c                __aeabi_ui2f
 .text          0x000000000800112c      0x6c0 C:/ST/STM32CubeIDE_1.13.2/STM32CubeIDE/plugins/com.st.stm32cube.ide.mcu.externaltools.gnu-tools-for-stm32.11.3.rel1.win32_1.1.1.202309131626/tools/bin/../lib/gcc/arm-none-eabi/11.3.1/thumb/v6-m/nofp\libgcc.a(adddf3.o)
                0x000000000800112c                __aeabi_dadd
 .text          0x00000000080017ec      0x5dc C:/ST/STM32CubeIDE_1.13.2/STM32CubeIDE/plugins/com.st.stm32cube.ide.mcu.externaltools.gnu-tools-for-stm32.11.3.rel1.win32_1.1.1.202309131626/tools/bin/../lib/gcc/arm-none-eabi/11.3.1/thumb/v6-m/nofp\libgcc.a(divdf3.o)
                0x00000000080017ec                __aeabi_ddiv
 .text          0x0000000008001dc8       0x84 C:/ST/STM32CubeIDE_1.13.2/STM32CubeIDE/plugins/com.st.stm32cube.ide.mcu.externaltools.gnu-tools-for-stm32.11.3.rel1.win32_1.1.1.202309131626/tools/bin/../lib/gcc/arm-none-eabi/11.3.1/thumb/v6-m/nofp\libgcc.a(eqdf2.o)
                0x0000000008001dc8                __nedf2
                0x0000000008001dc8                __eqdf2
 .text          0x0000000008001e4c       0xcc C:/ST/STM32CubeIDE_1.13.2/STM32CubeIDE/plugins/com.st.stm32cube.ide.mcu.externaltools.gnu-tools-for-stm32.11.3.rel1.win32_1.1.1.202309131626/tools/bin/../lib/gcc/arm-none-eabi/11.3.1/thumb/v6-m/nofp\libgcc.a(gedf2.o)
                0x0000000008001e4c                __gedf2
                0x0000000008001e4c                __gtdf2
 .text          0x0000000008001f18       0xc8 C:/ST/STM32CubeIDE_1.13.2/STM32CubeIDE/plugins/com.st.stm32cube.ide.mcu.externaltools.gnu-tools-for-stm32.11.3.rel1.win32_1.1.1.202309131626/tools/bin/../lib/gcc/arm-none-eabi/11.3.1/thumb/v6-m/nofp\libgcc.a(ledf2.o)
                0x0000000008001f18                __ledf2
                0x0000000008001f18                __ltdf2
 .text          0x0000000008001fe0      0x584 C:/ST/STM32CubeIDE_1.13.2/STM32CubeIDE/plugins/com.st.stm32cube.ide.mcu.externaltools.gnu-tools-for-stm32.11.3.rel1.win32_1.1.1.202309131626/tools/bin/../lib/gcc/arm-none-eabi/11.3.1/thumb/v6-m/nofp\libgcc.a(muldf3.o)
                0x0000000008001fe0                __aeabi_dmul
 .text          0x0000000008002564      0x704 C:/ST/STM32CubeIDE_1.13.2/STM32CubeIDE/plugins/com.st.stm32cube.ide.mcu.externaltools.gnu-tools-for-stm32.11.3.rel1.win32_1.1.1.202309131626/tools/bin/../lib/gcc/arm-none-eabi/11.3.1/thumb/v6-m/nofp\libgcc.a(subdf3.o)
                0x0000000008002564                __aeabi_dsub
 .text          0x0000000008002c68       0x3c C:/ST/STM32CubeIDE_1.13.2/STM32CubeIDE/plugins/com.st.stm32cube.ide.mcu.externaltools.gnu-tools-for-stm32.11.3.rel1.win32_1.1.1.202309131626/tools/bin/../lib/gcc/arm-none-eabi/11.3.1/thumb/v6-m/nofp\libgcc.a(unorddf2.o)
                0x0000000008002c68                __aeabi_dcmpun
 .text          0x0000000008002ca4       0x6c C:/ST/STM32CubeIDE_1.13.2/STM32CubeIDE/plugins/com.st.stm32cube.ide.mcu.externaltools.gnu-tools-for-stm32.11.3.rel1.win32_1.1.1.202309131626/tools/bin/../lib/gcc/arm-none-eabi/11.3.1/thumb/v6-m/nofp\libgcc.a(fixdfsi.o)
                0x0000000008002ca4                __aeabi_d2iz
 .text          0x0000000008002d10       0x60 C:/ST/STM32CubeIDE_1.13.2/STM32CubeIDE/plugins/com.st.stm32cube.ide.mcu.externaltools.gnu-tools-for-stm32.11.3.rel1.win32_1.1.1.202309131626/tools/bin/../lib/gcc/arm-none-eabi/11.3.1/thumb/v6-m/nofp\libgcc.a(floatsidf.o)
                0x0000000008002d10                __aeabi_i2d
 .text          0x0000000008002d70       0x4c C:/ST/STM32CubeIDE_1.13.2/STM32CubeIDE/plugins/com.st.stm32cube.ide.mcu.externaltools.gnu-tools-for-stm32.11.3.rel1.win32_1.1.1.202309131626/tools/bin/../lib/gcc/arm-none-eabi/11.3.1/thumb/v6-m/nofp\libgcc.a(floatunsidf.o)
                0x0000000008002d70                __aeabi_ui2d
 .text          0x0000000008002dbc       0x90 C:/ST/STM32CubeIDE_1.13.2/STM32CubeIDE/plugins/com.st.stm32cube.ide.mcu.externaltools.gnu-tools-for-stm32.11.3.rel1.win32_1.1.1.202309131626/tools/bin/../lib/gcc/arm-none-eabi/11.3.1/thumb/v6-m/nofp\libgcc.a(extendsfdf2.o)
                0x0000000008002dbc                __aeabi_f2d
 .text          0x0000000008002e4c       0x3c C:/ST/STM32CubeIDE_1.13.2/STM32CubeIDE/plugins/com.st.stm32cube.ide.mcu.externaltools.gnu-tools-for-stm32.11.3.rel1.win32_1.1.1.202309131626/tools/bin/../lib/gcc/arm-none-eabi/11.3.1/thumb/v6-m/nofp\libgcc.a(_clzsi2.o)
                0x0000000008002e4c                __clzsi2
 *(.text*)
 .text.max31855_init
                0x0000000008002e88       0x2c ./Core/Src/MAX31855.o
                0x0000000008002e88                max31855_init
 .text.max31855_update_payload
                0x0000000008002eb4      0x184 ./Core/Src/MAX31855.o
 .text.max31855_read_data
                0x0000000008003038       0x78 ./Core/Src/MAX31855.o
                0x0000000008003038                max31855_read_data
 .text.max31855_get_temp_sign
                0x00000000080030b0       0x1c ./Core/Src/MAX31855.o
                0x00000000080030b0                max31855_get_temp_sign
 .text.max31855_get_temp_val
                0x00000000080030cc       0x38 ./Core/Src/MAX31855.o
                0x00000000080030cc                max31855_get_temp_val
 .text.max31855_get_temp_f32
                0x0000000008003104       0x90 ./Core/Src/MAX31855.o
                0x0000000008003104                max31855_get_temp_f32
 .text.init_Encoder
                0x0000000008003194       0x5c ./Core/Src/encoder.o
                0x0000000008003194                init_Encoder
 .text.encoder_callback
                0x00000000080031f0       0x98 ./Core/Src/encoder.o
                0x00000000080031f0                encoder_callback
 .text.update_position
                0x0000000008003288       0x58 ./Core/Src/encoder.o
 .text.event_diplay_type
                0x00000000080032e0       0x14 ./Core/Src/event.o
 .text.initEvent
                0x00000000080032f4       0x2a ./Core/Src/event.o
                0x00000000080032f4                initEvent
 .text.event_isEmpty
                0x000000000800331e       0x1a ./Core/Src/event.o
                0x000000000800331e                event_isEmpty
 .text.event_createNode
                0x0000000008003338       0x54 ./Core/Src/event.o
                0x0000000008003338                event_createNode
 .text.event_enqueue
                0x000000000800338c       0x58 ./Core/Src/event.o
                0x000000000800338c                event_enqueue
 .text.heater_set_default_params
                0x00000000080033e4       0x48 ./Core/Src/heater.o
 .text.initHeater
                0x000000000800342c       0x6a ./Core/Src/heater.o
                0x000000000800342c                initHeater
 .text.heater_set_coil_on
                0x0000000008003496       0x20 ./Core/Src/heater.o
 .text.heater_set_coil_off
                0x00000000080034b6       0x20 ./Core/Src/heater.o
 .text.heater_toggle_coil
                0x00000000080034d6       0x20 ./Core/Src/heater.o
 .text.heater_update_pwm_coil
                0x00000000080034f6       0x46 ./Core/Src/heater.o
 .text.heater_set_coil_state
                0x000000000800353c       0x5e ./Core/Src/heater.o
 .text.heater_check_door_state
                0x000000000800359a       0x7a ./Core/Src/heater.o
 .text.heater_set_level
                0x0000000008003614       0xd4 ./Core/Src/heater.o
                0x0000000008003614                heater_set_level
 .text.heater_set_state
                0x00000000080036e8       0x40 ./Core/Src/heater.o
                0x00000000080036e8                heater_set_state
 .text.heater_calculate_slope
                0x0000000008003728       0xf4 ./Core/Src/heater.o
                0x0000000008003728                heater_calculate_slope
 .text.heater_calculate_mean
                0x000000000800381c       0x2e ./Core/Src/heater.o
                0x000000000800381c                heater_calculate_mean
 .text.heater_set_temperature_zero
                0x000000000800384a       0x4e ./Core/Src/heater.o
                0x000000000800384a                heater_set_temperature_zero
 .text.heater_print_test
                0x0000000008003898       0x74 ./Core/Src/heater.o
                0x0000000008003898                heater_print_test
 .text.heater_on_interupt
                0x000000000800390c       0xd8 ./Core/Src/heater.o
                0x000000000800390c                heater_on_interupt
 .text.lcd1602_init
                0x00000000080039e4       0x4c ./Core/Src/lcd1602_rgb.o
                0x00000000080039e4                lcd1602_init
 .text.lcd1602_begin
                0x0000000008003a30      0x194 ./Core/Src/lcd1602_rgb.o
                0x0000000008003a30                lcd1602_begin
 .text.lcd1602_send
                0x0000000008003bc4       0x32 ./Core/Src/lcd1602_rgb.o
                0x0000000008003bc4                lcd1602_send
 .text.lcd1602_command
                0x0000000008003bf6       0x44 ./Core/Src/lcd1602_rgb.o
                0x0000000008003bf6                lcd1602_command
 .text.lcd1602_display
                0x0000000008003c3a       0x34 ./Core/Src/lcd1602_rgb.o
                0x0000000008003c3a                lcd1602_display
 .text.lcd1602_clear
                0x0000000008003c6e       0x2c ./Core/Src/lcd1602_rgb.o
                0x0000000008003c6e                lcd1602_clear
 .text.lcd1602_setReg
                0x0000000008003c9a       0x48 ./Core/Src/lcd1602_rgb.o
                0x0000000008003c9a                lcd1602_setReg
 .text.lcd1602_setRGB
                0x0000000008003ce2       0x94 ./Core/Src/lcd1602_rgb.o
                0x0000000008003ce2                lcd1602_setRGB
 .text.lcd1602_customSymbol
                0x0000000008003d76       0xb0 ./Core/Src/lcd1602_rgb.o
                0x0000000008003d76                lcd1602_customSymbol
 .text.lcd1602_setColorWhite
                0x0000000008003e26       0x1e ./Core/Src/lcd1602_rgb.o
                0x0000000008003e26                lcd1602_setColorWhite
 .text.initLog  0x0000000008003e44       0x1c ./Core/Src/log.o
                0x0000000008003e44                initLog
 .text.__io_putchar
                0x0000000008003e60       0x28 ./Core/Src/log.o
                0x0000000008003e60                __io_putchar
 .text.__io_getchar
                0x0000000008003e88       0x28 ./Core/Src/log.o
                0x0000000008003e88                __io_getchar
 .text.main     0x0000000008003eb0      0x130 ./Core/Src/main.o
                0x0000000008003eb0                main
 .text.SystemClock_Config
                0x0000000008003fe0       0xc8 ./Core/Src/main.o
                0x0000000008003fe0                SystemClock_Config
 .text.MX_I2C1_Init
                0x00000000080040a8       0x80 ./Core/Src/main.o
 .text.MX_RTC_Init
                0x0000000008004128      0x138 ./Core/Src/main.o
 .text.MX_SPI2_Init
                0x0000000008004260       0x7c ./Core/Src/main.o
 .text.MX_TIM3_Init
                0x00000000080042dc       0xcc ./Core/Src/main.o
 .text.MX_USART1_UART_Init
                0x00000000080043a8       0x60 ./Core/Src/main.o
 .text.MX_GPIO_Init
                0x0000000008004408      0x1c8 ./Core/Src/main.o
 .text.HAL_RTC_AlarmAEventCallback
                0x00000000080045d0       0x20 ./Core/Src/main.o
                0x00000000080045d0                HAL_RTC_AlarmAEventCallback
 .text.HAL_TIM_IC_CaptureCallback
                0x00000000080045f0       0x20 ./Core/Src/main.o
                0x00000000080045f0                HAL_TIM_IC_CaptureCallback
 .text.HAL_GPIO_EXTI_Callback
                0x0000000008004610       0xb0 ./Core/Src/main.o
                0x0000000008004610                HAL_GPIO_EXTI_Callback
 .text.Error_Handler
                0x00000000080046c0        0xa ./Core/Src/main.o
                0x00000000080046c0                Error_Handler
 *fill*         0x00000000080046ca        0x2 
 .text.HAL_MspInit
                0x00000000080046cc       0x48 ./Core/Src/stm32f0xx_hal_msp.o
                0x00000000080046cc                HAL_MspInit
 .text.HAL_I2C_MspInit
                0x0000000008004714       0x9c ./Core/Src/stm32f0xx_hal_msp.o
                0x0000000008004714                HAL_I2C_MspInit
 .text.HAL_RTC_MspInit
                0x00000000080047b0       0x40 ./Core/Src/stm32f0xx_hal_msp.o
                0x00000000080047b0                HAL_RTC_MspInit
 .text.HAL_SPI_MspInit
                0x00000000080047f0       0x9c ./Core/Src/stm32f0xx_hal_msp.o
                0x00000000080047f0                HAL_SPI_MspInit
 .text.HAL_TIM_IC_MspInit
                0x000000000800488c       0xa8 ./Core/Src/stm32f0xx_hal_msp.o
                0x000000000800488c                HAL_TIM_IC_MspInit
 .text.HAL_UART_MspInit
                0x0000000008004934       0xac ./Core/Src/stm32f0xx_hal_msp.o
                0x0000000008004934                HAL_UART_MspInit
 .text.NMI_Handler
                0x00000000080049e0        0x6 ./Core/Src/stm32f0xx_it.o
                0x00000000080049e0                NMI_Handler
 .text.HardFault_Handler
                0x00000000080049e6        0x6 ./Core/Src/stm32f0xx_it.o
                0x00000000080049e6                HardFault_Handler
 .text.SVC_Handler
                0x00000000080049ec        0xa ./Core/Src/stm32f0xx_it.o
                0x00000000080049ec                SVC_Handler
 .text.PendSV_Handler
                0x00000000080049f6        0xa ./Core/Src/stm32f0xx_it.o
                0x00000000080049f6                PendSV_Handler
 .text.SysTick_Handler
                0x0000000008004a00        0xe ./Core/Src/stm32f0xx_it.o
                0x0000000008004a00                SysTick_Handler
 *fill*         0x0000000008004a0e        0x2 
 .text.RTC_IRQHandler
                0x0000000008004a10       0x18 ./Core/Src/stm32f0xx_it.o
                0x0000000008004a10                RTC_IRQHandler
 .text.EXTI0_1_IRQHandler
                0x0000000008004a28       0x16 ./Core/Src/stm32f0xx_it.o
                0x0000000008004a28                EXTI0_1_IRQHandler
 .text.EXTI2_3_IRQHandler
                0x0000000008004a3e       0x16 ./Core/Src/stm32f0xx_it.o
                0x0000000008004a3e                EXTI2_3_IRQHandler
 .text.EXTI4_15_IRQHandler
                0x0000000008004a54       0x20 ./Core/Src/stm32f0xx_it.o
                0x0000000008004a54                EXTI4_15_IRQHandler
 .text.TIM3_IRQHandler
                0x0000000008004a74       0x18 ./Core/Src/stm32f0xx_it.o
                0x0000000008004a74                TIM3_IRQHandler
 .text.USART1_IRQHandler
                0x0000000008004a8c       0x18 ./Core/Src/stm32f0xx_it.o
                0x0000000008004a8c                USART1_IRQHandler
 .text._getpid  0x0000000008004aa4        0xc ./Core/Src/syscalls.o
                0x0000000008004aa4                _getpid
 .text._kill    0x0000000008004ab0       0x20 ./Core/Src/syscalls.o
                0x0000000008004ab0                _kill
 .text._exit    0x0000000008004ad0       0x18 ./Core/Src/syscalls.o
                0x0000000008004ad0                _exit
 .text._read    0x0000000008004ae8       0x3a ./Core/Src/syscalls.o
                0x0000000008004ae8                _read
 .text._write   0x0000000008004b22       0x38 ./Core/Src/syscalls.o
                0x0000000008004b22                _write
 .text._close   0x0000000008004b5a       0x14 ./Core/Src/syscalls.o
                0x0000000008004b5a                _close
 .text._fstat   0x0000000008004b6e       0x1c ./Core/Src/syscalls.o
                0x0000000008004b6e                _fstat
 .text._isatty  0x0000000008004b8a       0x12 ./Core/Src/syscalls.o
                0x0000000008004b8a                _isatty
 .text._lseek   0x0000000008004b9c       0x16 ./Core/Src/syscalls.o
                0x0000000008004b9c                _lseek
 *fill*         0x0000000008004bb2        0x2 
 .text._sbrk    0x0000000008004bb4       0x6c ./Core/Src/sysmem.o
                0x0000000008004bb4                _sbrk
 .text.SystemInit
                0x0000000008004c20        0xa ./Core/Src/system_stm32f0xx.o
                0x0000000008004c20                SystemInit
 *fill*         0x0000000008004c2a        0x2 
 .text.initUI   0x0000000008004c2c      0x180 ./Core/Src/ui.o
                0x0000000008004c2c                initUI
 .text.Reset_Handler
                0x0000000008004dac       0x50 ./Core/Startup/startup_stm32f030c8tx.o
                0x0000000008004dac                Reset_Handler
 .text.Default_Handler
                0x0000000008004dfc        0x2 ./Core/Startup/startup_stm32f030c8tx.o
                0x0000000008004dfc                TIM1_CC_IRQHandler
                0x0000000008004dfc                TIM6_IRQHandler
                0x0000000008004dfc                I2C1_IRQHandler
                0x0000000008004dfc                SPI1_IRQHandler
                0x0000000008004dfc                ADC1_IRQHandler
                0x0000000008004dfc                I2C2_IRQHandler
                0x0000000008004dfc                TIM17_IRQHandler
                0x0000000008004dfc                TIM16_IRQHandler
                0x0000000008004dfc                RCC_IRQHandler
                0x0000000008004dfc                DMA1_Channel1_IRQHandler
                0x0000000008004dfc                Default_Handler
                0x0000000008004dfc                TIM14_IRQHandler
                0x0000000008004dfc                DMA1_Channel4_5_IRQHandler
                0x0000000008004dfc                TIM15_IRQHandler
                0x0000000008004dfc                SPI2_IRQHandler
                0x0000000008004dfc                WWDG_IRQHandler
                0x0000000008004dfc                DMA1_Channel2_3_IRQHandler
                0x0000000008004dfc                USART2_IRQHandler
                0x0000000008004dfc                FLASH_IRQHandler
                0x0000000008004dfc                TIM1_BRK_UP_TRG_COM_IRQHandler
 *fill*         0x0000000008004dfe        0x2 
 .text.HAL_Init
                0x0000000008004e00       0x28 ./Drivers/STM32F0xx_HAL_Driver/Src/stm32f0xx_hal.o
                0x0000000008004e00                HAL_Init
 .text.HAL_InitTick
                0x0000000008004e28       0x68 ./Drivers/STM32F0xx_HAL_Driver/Src/stm32f0xx_hal.o
                0x0000000008004e28                HAL_InitTick
 .text.HAL_IncTick
                0x0000000008004e90       0x24 ./Drivers/STM32F0xx_HAL_Driver/Src/stm32f0xx_hal.o
                0x0000000008004e90                HAL_IncTick
 .text.HAL_GetTick
                0x0000000008004eb4       0x14 ./Drivers/STM32F0xx_HAL_Driver/Src/stm32f0xx_hal.o
                0x0000000008004eb4                HAL_GetTick
 .text.HAL_Delay
                0x0000000008004ec8       0x48 ./Drivers/STM32F0xx_HAL_Driver/Src/stm32f0xx_hal.o
                0x0000000008004ec8                HAL_Delay
 .text.__NVIC_EnableIRQ
                0x0000000008004f10       0x34 ./Drivers/STM32F0xx_HAL_Driver/Src/stm32f0xx_hal_cortex.o
 .text.__NVIC_SetPriority
                0x0000000008004f44       0xdc ./Drivers/STM32F0xx_HAL_Driver/Src/stm32f0xx_hal_cortex.o
 .text.SysTick_Config
                0x0000000008005020       0x48 ./Drivers/STM32F0xx_HAL_Driver/Src/stm32f0xx_hal_cortex.o
 .text.HAL_NVIC_SetPriority
                0x0000000008005068       0x2a ./Drivers/STM32F0xx_HAL_Driver/Src/stm32f0xx_hal_cortex.o
                0x0000000008005068                HAL_NVIC_SetPriority
 .text.HAL_NVIC_EnableIRQ
                0x0000000008005092       0x20 ./Drivers/STM32F0xx_HAL_Driver/Src/stm32f0xx_hal_cortex.o
                0x0000000008005092                HAL_NVIC_EnableIRQ
 .text.HAL_SYSTICK_Config
                0x00000000080050b2       0x1a ./Drivers/STM32F0xx_HAL_Driver/Src/stm32f0xx_hal_cortex.o
                0x00000000080050b2                HAL_SYSTICK_Config
 .text.HAL_DMA_Abort
                0x00000000080050cc       0x70 ./Drivers/STM32F0xx_HAL_Driver/Src/stm32f0xx_hal_dma.o
                0x00000000080050cc                HAL_DMA_Abort
 .text.HAL_DMA_Abort_IT
                0x000000000800513c       0x8a ./Drivers/STM32F0xx_HAL_Driver/Src/stm32f0xx_hal_dma.o
                0x000000000800513c                HAL_DMA_Abort_IT
 *fill*         0x00000000080051c6        0x2 
 .text.HAL_GPIO_Init
                0x00000000080051c8      0x2e0 ./Drivers/STM32F0xx_HAL_Driver/Src/stm32f0xx_hal_gpio.o
                0x00000000080051c8                HAL_GPIO_Init
 .text.HAL_GPIO_ReadPin
                0x00000000080054a8       0x3a ./Drivers/STM32F0xx_HAL_Driver/Src/stm32f0xx_hal_gpio.o
                0x00000000080054a8                HAL_GPIO_ReadPin
 .text.HAL_GPIO_WritePin
                0x00000000080054e2       0x3a ./Drivers/STM32F0xx_HAL_Driver/Src/stm32f0xx_hal_gpio.o
                0x00000000080054e2                HAL_GPIO_WritePin
 .text.HAL_GPIO_TogglePin
                0x000000000800551c       0x36 ./Drivers/STM32F0xx_HAL_Driver/Src/stm32f0xx_hal_gpio.o
                0x000000000800551c                HAL_GPIO_TogglePin
 *fill*         0x0000000008005552        0x2 
 .text.HAL_GPIO_EXTI_IRQHandler
                0x0000000008005554       0x38 ./Drivers/STM32F0xx_HAL_Driver/Src/stm32f0xx_hal_gpio.o
                0x0000000008005554                HAL_GPIO_EXTI_IRQHandler
 .text.HAL_I2C_Init
                0x000000000800558c      0x12c ./Drivers/STM32F0xx_HAL_Driver/Src/stm32f0xx_hal_i2c.o
                0x000000000800558c                HAL_I2C_Init
 .text.HAL_I2C_Master_Transmit
                0x00000000080056b8      0x210 ./Drivers/STM32F0xx_HAL_Driver/Src/stm32f0xx_hal_i2c.o
                0x00000000080056b8                HAL_I2C_Master_Transmit
 .text.I2C_Flush_TXDR
                0x00000000080058c8       0x44 ./Drivers/STM32F0xx_HAL_Driver/Src/stm32f0xx_hal_i2c.o
 .text.I2C_WaitOnFlagUntilTimeout
                0x000000000800590c       0x9c ./Drivers/STM32F0xx_HAL_Driver/Src/stm32f0xx_hal_i2c.o
 .text.I2C_WaitOnTXISFlagUntilTimeout
                0x00000000080059a8       0x8c ./Drivers/STM32F0xx_HAL_Driver/Src/stm32f0xx_hal_i2c.o
 .text.I2C_WaitOnSTOPFlagUntilTimeout
                0x0000000008005a34       0x86 ./Drivers/STM32F0xx_HAL_Driver/Src/stm32f0xx_hal_i2c.o
 *fill*         0x0000000008005aba        0x2 
 .text.I2C_IsErrorOccurred
                0x0000000008005abc      0x200 ./Drivers/STM32F0xx_HAL_Driver/Src/stm32f0xx_hal_i2c.o
 .text.I2C_TransferConfig
                0x0000000008005cbc       0x74 ./Drivers/STM32F0xx_HAL_Driver/Src/stm32f0xx_hal_i2c.o
 .text.HAL_I2CEx_ConfigAnalogFilter
                0x0000000008005d30       0x98 ./Drivers/STM32F0xx_HAL_Driver/Src/stm32f0xx_hal_i2c_ex.o
                0x0000000008005d30                HAL_I2CEx_ConfigAnalogFilter
 .text.HAL_I2CEx_ConfigDigitalFilter
                0x0000000008005dc8       0x98 ./Drivers/STM32F0xx_HAL_Driver/Src/stm32f0xx_hal_i2c_ex.o
                0x0000000008005dc8                HAL_I2CEx_ConfigDigitalFilter
 .text.HAL_RCC_OscConfig
                0x0000000008005e60      0x634 ./Drivers/STM32F0xx_HAL_Driver/Src/stm32f0xx_hal_rcc.o
                0x0000000008005e60                HAL_RCC_OscConfig
 .text.HAL_RCC_ClockConfig
                0x0000000008006494      0x19c ./Drivers/STM32F0xx_HAL_Driver/Src/stm32f0xx_hal_rcc.o
                0x0000000008006494                HAL_RCC_ClockConfig
 .text.HAL_RCC_GetSysClockFreq
                0x0000000008006630       0xac ./Drivers/STM32F0xx_HAL_Driver/Src/stm32f0xx_hal_rcc.o
                0x0000000008006630                HAL_RCC_GetSysClockFreq
 .text.HAL_RCC_GetHCLKFreq
                0x00000000080066dc       0x14 ./Drivers/STM32F0xx_HAL_Driver/Src/stm32f0xx_hal_rcc.o
                0x00000000080066dc                HAL_RCC_GetHCLKFreq
 .text.HAL_RCC_GetPCLK1Freq
                0x00000000080066f0       0x2c ./Drivers/STM32F0xx_HAL_Driver/Src/stm32f0xx_hal_rcc.o
                0x00000000080066f0                HAL_RCC_GetPCLK1Freq
 .text.HAL_RCCEx_PeriphCLKConfig
                0x000000000800671c      0x19c ./Drivers/STM32F0xx_HAL_Driver/Src/stm32f0xx_hal_rcc_ex.o
                0x000000000800671c                HAL_RCCEx_PeriphCLKConfig
 .text.HAL_RTC_Init
                0x00000000080068b8      0x130 ./Drivers/STM32F0xx_HAL_Driver/Src/stm32f0xx_hal_rtc.o
                0x00000000080068b8                HAL_RTC_Init
 .text.HAL_RTC_SetTime
                0x00000000080069e8      0x14c ./Drivers/STM32F0xx_HAL_Driver/Src/stm32f0xx_hal_rtc.o
                0x00000000080069e8                HAL_RTC_SetTime
 .text.HAL_RTC_GetTime
                0x0000000008006b34       0xbc ./Drivers/STM32F0xx_HAL_Driver/Src/stm32f0xx_hal_rtc.o
                0x0000000008006b34                HAL_RTC_GetTime
 .text.HAL_RTC_SetDate
                0x0000000008006bf0      0x120 ./Drivers/STM32F0xx_HAL_Driver/Src/stm32f0xx_hal_rtc.o
                0x0000000008006bf0                HAL_RTC_SetDate
 .text.HAL_RTC_GetDate
                0x0000000008006d10       0xa0 ./Drivers/STM32F0xx_HAL_Driver/Src/stm32f0xx_hal_rtc.o
                0x0000000008006d10                HAL_RTC_GetDate
 .text.HAL_RTC_SetAlarm_IT
                0x0000000008006db0      0x1f4 ./Drivers/STM32F0xx_HAL_Driver/Src/stm32f0xx_hal_rtc.o
                0x0000000008006db0                HAL_RTC_SetAlarm_IT
 .text.HAL_RTC_AlarmIRQHandler
                0x0000000008006fa4       0x60 ./Drivers/STM32F0xx_HAL_Driver/Src/stm32f0xx_hal_rtc.o
                0x0000000008006fa4                HAL_RTC_AlarmIRQHandler
 .text.HAL_RTC_WaitForSynchro
                0x0000000008007004       0x50 ./Drivers/STM32F0xx_HAL_Driver/Src/stm32f0xx_hal_rtc.o
                0x0000000008007004                HAL_RTC_WaitForSynchro
 .text.RTC_EnterInitMode
                0x0000000008007054       0x86 ./Drivers/STM32F0xx_HAL_Driver/Src/stm32f0xx_hal_rtc.o
                0x0000000008007054                RTC_EnterInitMode
 .text.RTC_ExitInitMode
                0x00000000080070da       0x52 ./Drivers/STM32F0xx_HAL_Driver/Src/stm32f0xx_hal_rtc.o
                0x00000000080070da                RTC_ExitInitMode
 .text.RTC_ByteToBcd2
                0x000000000800712c       0x42 ./Drivers/STM32F0xx_HAL_Driver/Src/stm32f0xx_hal_rtc.o
                0x000000000800712c                RTC_ByteToBcd2
 .text.RTC_Bcd2ToByte
                0x000000000800716e       0x3e ./Drivers/STM32F0xx_HAL_Driver/Src/stm32f0xx_hal_rtc.o
                0x000000000800716e                RTC_Bcd2ToByte
 .text.HAL_SPI_Init
                0x00000000080071ac      0x170 ./Drivers/STM32F0xx_HAL_Driver/Src/stm32f0xx_hal_spi.o
                0x00000000080071ac                HAL_SPI_Init
 .text.HAL_SPI_Receive
                0x000000000800731c      0x2a4 ./Drivers/STM32F0xx_HAL_Driver/Src/stm32f0xx_hal_spi.o
                0x000000000800731c                HAL_SPI_Receive
 .text.HAL_SPI_TransmitReceive
                0x00000000080075c0      0x3c4 ./Drivers/STM32F0xx_HAL_Driver/Src/stm32f0xx_hal_spi.o
                0x00000000080075c0                HAL_SPI_TransmitReceive
 .text.SPI_WaitFlagStateUntilTimeout
                0x0000000008007984      0x11c ./Drivers/STM32F0xx_HAL_Driver/Src/stm32f0xx_hal_spi.o
 .text.SPI_WaitFifoStateUntilTimeout
                0x0000000008007aa0      0x144 ./Drivers/STM32F0xx_HAL_Driver/Src/stm32f0xx_hal_spi.o
 .text.SPI_EndRxTransaction
                0x0000000008007be4       0xbc ./Drivers/STM32F0xx_HAL_Driver/Src/stm32f0xx_hal_spi.o
 .text.SPI_EndRxTxTransaction
                0x0000000008007ca0       0x8c ./Drivers/STM32F0xx_HAL_Driver/Src/stm32f0xx_hal_spi.o
 .text.HAL_TIM_IC_Init
                0x0000000008007d2c       0xa0 ./Drivers/STM32F0xx_HAL_Driver/Src/stm32f0xx_hal_tim.o
                0x0000000008007d2c                HAL_TIM_IC_Init
 .text.HAL_TIM_IC_Start_IT
                0x0000000008007dcc      0x210 ./Drivers/STM32F0xx_HAL_Driver/Src/stm32f0xx_hal_tim.o
                0x0000000008007dcc                HAL_TIM_IC_Start_IT
 .text.HAL_TIM_IRQHandler
                0x0000000008007fdc      0x22c ./Drivers/STM32F0xx_HAL_Driver/Src/stm32f0xx_hal_tim.o
                0x0000000008007fdc                HAL_TIM_IRQHandler
 .text.HAL_TIM_IC_ConfigChannel
                0x0000000008008208      0x148 ./Drivers/STM32F0xx_HAL_Driver/Src/stm32f0xx_hal_tim.o
                0x0000000008008208                HAL_TIM_IC_ConfigChannel
 .text.HAL_TIM_PeriodElapsedCallback
                0x0000000008008350       0x10 ./Drivers/STM32F0xx_HAL_Driver/Src/stm32f0xx_hal_tim.o
                0x0000000008008350                HAL_TIM_PeriodElapsedCallback
 .text.HAL_TIM_OC_DelayElapsedCallback
                0x0000000008008360       0x10 ./Drivers/STM32F0xx_HAL_Driver/Src/stm32f0xx_hal_tim.o
                0x0000000008008360                HAL_TIM_OC_DelayElapsedCallback
 .text.HAL_TIM_PWM_PulseFinishedCallback
                0x0000000008008370       0x10 ./Drivers/STM32F0xx_HAL_Driver/Src/stm32f0xx_hal_tim.o
                0x0000000008008370                HAL_TIM_PWM_PulseFinishedCallback
 .text.HAL_TIM_TriggerCallback
                0x0000000008008380       0x10 ./Drivers/STM32F0xx_HAL_Driver/Src/stm32f0xx_hal_tim.o
                0x0000000008008380                HAL_TIM_TriggerCallback
 .text.TIM_Base_SetConfig
                0x0000000008008390       0xec ./Drivers/STM32F0xx_HAL_Driver/Src/stm32f0xx_hal_tim.o
                0x0000000008008390                TIM_Base_SetConfig
 .text.TIM_TI1_SetConfig
                0x000000000800847c       0xb0 ./Drivers/STM32F0xx_HAL_Driver/Src/stm32f0xx_hal_tim.o
                0x000000000800847c                TIM_TI1_SetConfig
 .text.TIM_TI2_SetConfig
                0x000000000800852c       0x84 ./Drivers/STM32F0xx_HAL_Driver/Src/stm32f0xx_hal_tim.o
 .text.TIM_TI3_SetConfig
                0x00000000080085b0       0x80 ./Drivers/STM32F0xx_HAL_Driver/Src/stm32f0xx_hal_tim.o
 .text.TIM_TI4_SetConfig
                0x0000000008008630       0x8c ./Drivers/STM32F0xx_HAL_Driver/Src/stm32f0xx_hal_tim.o
 .text.TIM_CCxChannelCmd
                0x00000000080086bc       0x46 ./Drivers/STM32F0xx_HAL_Driver/Src/stm32f0xx_hal_tim.o
                0x00000000080086bc                TIM_CCxChannelCmd
 *fill*         0x0000000008008702        0x2 
 .text.HAL_TIMEx_MasterConfigSynchronization
                0x0000000008008704       0xb0 ./Drivers/STM32F0xx_HAL_Driver/Src/stm32f0xx_hal_tim_ex.o
                0x0000000008008704                HAL_TIMEx_MasterConfigSynchronization
 .text.HAL_TIMEx_CommutCallback
                0x00000000080087b4       0x10 ./Drivers/STM32F0xx_HAL_Driver/Src/stm32f0xx_hal_tim_ex.o
                0x00000000080087b4                HAL_TIMEx_CommutCallback
 .text.HAL_TIMEx_BreakCallback
                0x00000000080087c4       0x10 ./Drivers/STM32F0xx_HAL_Driver/Src/stm32f0xx_hal_tim_ex.o
                0x00000000080087c4                HAL_TIMEx_BreakCallback
 .text.HAL_UART_Init
                0x00000000080087d4       0xa8 ./Drivers/STM32F0xx_HAL_Driver/Src/stm32f0xx_hal_uart.o
                0x00000000080087d4                HAL_UART_Init
 .text.HAL_UART_Transmit
                0x000000000800887c      0x140 ./Drivers/STM32F0xx_HAL_Driver/Src/stm32f0xx_hal_uart.o
                0x000000000800887c                HAL_UART_Transmit
 .text.HAL_UART_Receive
                0x00000000080089bc      0x1a8 ./Drivers/STM32F0xx_HAL_Driver/Src/stm32f0xx_hal_uart.o
                0x00000000080089bc                HAL_UART_Receive
 .text.HAL_UART_IRQHandler
                0x0000000008008b64      0x590 ./Drivers/STM32F0xx_HAL_Driver/Src/stm32f0xx_hal_uart.o
                0x0000000008008b64                HAL_UART_IRQHandler
 .text.HAL_UART_TxCpltCallback
                0x00000000080090f4       0x10 ./Drivers/STM32F0xx_HAL_Driver/Src/stm32f0xx_hal_uart.o
                0x00000000080090f4                HAL_UART_TxCpltCallback
 .text.HAL_UART_ErrorCallback
                0x0000000008009104       0x10 ./Drivers/STM32F0xx_HAL_Driver/Src/stm32f0xx_hal_uart.o
                0x0000000008009104                HAL_UART_ErrorCallback
 .text.HAL_UARTEx_RxEventCallback
                0x0000000008009114       0x16 ./Drivers/STM32F0xx_HAL_Driver/Src/stm32f0xx_hal_uart.o
                0x0000000008009114                HAL_UARTEx_RxEventCallback
 *fill*         0x000000000800912a        0x2 
 .text.UART_SetConfig
                0x000000000800912c      0x280 ./Drivers/STM32F0xx_HAL_Driver/Src/stm32f0xx_hal_uart.o
                0x000000000800912c                UART_SetConfig
 .text.UART_AdvFeatureConfig
                0x00000000080093ac      0x168 ./Drivers/STM32F0xx_HAL_Driver/Src/stm32f0xx_hal_uart.o
                0x00000000080093ac                UART_AdvFeatureConfig
 .text.UART_CheckIdleState
                0x0000000008009514      0x150 ./Drivers/STM32F0xx_HAL_Driver/Src/stm32f0xx_hal_uart.o
                0x0000000008009514                UART_CheckIdleState
 .text.UART_WaitOnFlagUntilTimeout
                0x0000000008009664       0xd2 ./Drivers/STM32F0xx_HAL_Driver/Src/stm32f0xx_hal_uart.o
                0x0000000008009664                UART_WaitOnFlagUntilTimeout
 *fill*         0x0000000008009736        0x2 
 .text.UART_EndRxTransfer
                0x0000000008009738       0xc8 ./Drivers/STM32F0xx_HAL_Driver/Src/stm32f0xx_hal_uart.o
 .text.UART_DMAAbortOnError
                0x0000000008009800       0x2e ./Drivers/STM32F0xx_HAL_Driver/Src/stm32f0xx_hal_uart.o
 .text.UART_EndTransmit_IT
                0x000000000800982e       0x56 ./Drivers/STM32F0xx_HAL_Driver/Src/stm32f0xx_hal_uart.o
 .text.arm_mean_f32
                0x0000000008009884       0x40 ../Drivers/CMSIS/Lib/GCC\libarm_cortexM0l_math.a(arm_mean_f32.o)
                0x0000000008009884                arm_mean_f32
 .text.exit     0x00000000080098c4       0x28 C:/ST/STM32CubeIDE_1.13.2/STM32CubeIDE/plugins/com.st.stm32cube.ide.mcu.externaltools.gnu-tools-for-stm32.11.3.rel1.win32_1.1.1.202309131626/tools/bin/../lib/gcc/arm-none-eabi/11.3.1/../../../../arm-none-eabi/lib/thumb/v6-m/nofp\libc_nano.a(libc_a-exit.o)
                0x00000000080098c4                exit
 .text.malloc   0x00000000080098ec       0x14 C:/ST/STM32CubeIDE_1.13.2/STM32CubeIDE/plugins/com.st.stm32cube.ide.mcu.externaltools.gnu-tools-for-stm32.11.3.rel1.win32_1.1.1.202309131626/tools/bin/../lib/gcc/arm-none-eabi/11.3.1/../../../../arm-none-eabi/lib/thumb/v6-m/nofp\libc_nano.a(libc_a-malloc.o)
                0x00000000080098ec                malloc
 .text.sbrk_aligned
                0x0000000008009900       0x44 C:/ST/STM32CubeIDE_1.13.2/STM32CubeIDE/plugins/com.st.stm32cube.ide.mcu.externaltools.gnu-tools-for-stm32.11.3.rel1.win32_1.1.1.202309131626/tools/bin/../lib/gcc/arm-none-eabi/11.3.1/../../../../arm-none-eabi/lib/thumb/v6-m/nofp\libc_nano.a(libc_a-mallocr.o)
 .text._malloc_r
                0x0000000008009944      0x104 C:/ST/STM32CubeIDE_1.13.2/STM32CubeIDE/plugins/com.st.stm32cube.ide.mcu.externaltools.gnu-tools-for-stm32.11.3.rel1.win32_1.1.1.202309131626/tools/bin/../lib/gcc/arm-none-eabi/11.3.1/../../../../arm-none-eabi/lib/thumb/v6-m/nofp\libc_nano.a(libc_a-mallocr.o)
                0x0000000008009944                _malloc_r
 .text.__malloc_lock
                0x0000000008009a48       0x10 C:/ST/STM32CubeIDE_1.13.2/STM32CubeIDE/plugins/com.st.stm32cube.ide.mcu.externaltools.gnu-tools-for-stm32.11.3.rel1.win32_1.1.1.202309131626/tools/bin/../lib/gcc/arm-none-eabi/11.3.1/../../../../arm-none-eabi/lib/thumb/v6-m/nofp\libc_nano.a(libc_a-mlock.o)
                0x0000000008009a48                __malloc_lock
 .text.__malloc_unlock
                0x0000000008009a58       0x10 C:/ST/STM32CubeIDE_1.13.2/STM32CubeIDE/plugins/com.st.stm32cube.ide.mcu.externaltools.gnu-tools-for-stm32.11.3.rel1.win32_1.1.1.202309131626/tools/bin/../lib/gcc/arm-none-eabi/11.3.1/../../../../arm-none-eabi/lib/thumb/v6-m/nofp\libc_nano.a(libc_a-mlock.o)
                0x0000000008009a58                __malloc_unlock
 .text.__cvt    0x0000000008009a68       0xc6 C:/ST/STM32CubeIDE_1.13.2/STM32CubeIDE/plugins/com.st.stm32cube.ide.mcu.externaltools.gnu-tools-for-stm32.11.3.rel1.win32_1.1.1.202309131626/tools/bin/../lib/gcc/arm-none-eabi/11.3.1/../../../../arm-none-eabi/lib/thumb/v6-m/nofp\libc_nano.a(libc_a-nano-vfprintf_float.o)
                0x0000000008009a68                __cvt
 .text.__exponent
                0x0000000008009b2e       0x8a C:/ST/STM32CubeIDE_1.13.2/STM32CubeIDE/plugins/com.st.stm32cube.ide.mcu.externaltools.gnu-tools-for-stm32.11.3.rel1.win32_1.1.1.202309131626/tools/bin/../lib/gcc/arm-none-eabi/11.3.1/../../../../arm-none-eabi/lib/thumb/v6-m/nofp\libc_nano.a(libc_a-nano-vfprintf_float.o)
                0x0000000008009b2e                __exponent
 .text._printf_float
                0x0000000008009bb8      0x4ac C:/ST/STM32CubeIDE_1.13.2/STM32CubeIDE/plugins/com.st.stm32cube.ide.mcu.externaltools.gnu-tools-for-stm32.11.3.rel1.win32_1.1.1.202309131626/tools/bin/../lib/gcc/arm-none-eabi/11.3.1/../../../../arm-none-eabi/lib/thumb/v6-m/nofp\libc_nano.a(libc_a-nano-vfprintf_float.o)
                0x0000000008009bb8                _printf_float
 .text._printf_common
                0x000000000800a064       0xde C:/ST/STM32CubeIDE_1.13.2/STM32CubeIDE/plugins/com.st.stm32cube.ide.mcu.externaltools.gnu-tools-for-stm32.11.3.rel1.win32_1.1.1.202309131626/tools/bin/../lib/gcc/arm-none-eabi/11.3.1/../../../../arm-none-eabi/lib/thumb/v6-m/nofp\libc_nano.a(libc_a-nano-vfprintf_i.o)
                0x000000000800a064                _printf_common
 *fill*         0x000000000800a142        0x2 
 .text._printf_i
                0x000000000800a144      0x220 C:/ST/STM32CubeIDE_1.13.2/STM32CubeIDE/plugins/com.st.stm32cube.ide.mcu.externaltools.gnu-tools-for-stm32.11.3.rel1.win32_1.1.1.202309131626/tools/bin/../lib/gcc/arm-none-eabi/11.3.1/../../../../arm-none-eabi/lib/thumb/v6-m/nofp\libc_nano.a(libc_a-nano-vfprintf_i.o)
                0x000000000800a144                _printf_i
 .text.std      0x000000000800a364       0x6c C:/ST/STM32CubeIDE_1.13.2/STM32CubeIDE/plugins/com.st.stm32cube.ide.mcu.externaltools.gnu-tools-for-stm32.11.3.rel1.win32_1.1.1.202309131626/tools/bin/../lib/gcc/arm-none-eabi/11.3.1/../../../../arm-none-eabi/lib/thumb/v6-m/nofp\libc_nano.a(libc_a-findfp.o)
 .text.stdio_exit_handler
                0x000000000800a3d0       0x1c C:/ST/STM32CubeIDE_1.13.2/STM32CubeIDE/plugins/com.st.stm32cube.ide.mcu.externaltools.gnu-tools-for-stm32.11.3.rel1.win32_1.1.1.202309131626/tools/bin/../lib/gcc/arm-none-eabi/11.3.1/../../../../arm-none-eabi/lib/thumb/v6-m/nofp\libc_nano.a(libc_a-findfp.o)
 .text.cleanup_stdio
                0x000000000800a3ec       0x3c C:/ST/STM32CubeIDE_1.13.2/STM32CubeIDE/plugins/com.st.stm32cube.ide.mcu.externaltools.gnu-tools-for-stm32.11.3.rel1.win32_1.1.1.202309131626/tools/bin/../lib/gcc/arm-none-eabi/11.3.1/../../../../arm-none-eabi/lib/thumb/v6-m/nofp\libc_nano.a(libc_a-findfp.o)
 .text.global_stdio_init.part.0
                0x000000000800a428       0x3c C:/ST/STM32CubeIDE_1.13.2/STM32CubeIDE/plugins/com.st.stm32cube.ide.mcu.externaltools.gnu-tools-for-stm32.11.3.rel1.win32_1.1.1.202309131626/tools/bin/../lib/gcc/arm-none-eabi/11.3.1/../../../../arm-none-eabi/lib/thumb/v6-m/nofp\libc_nano.a(libc_a-findfp.o)
 .text.__sfp_lock_acquire
                0x000000000800a464       0x10 C:/ST/STM32CubeIDE_1.13.2/STM32CubeIDE/plugins/com.st.stm32cube.ide.mcu.externaltools.gnu-tools-for-stm32.11.3.rel1.win32_1.1.1.202309131626/tools/bin/../lib/gcc/arm-none-eabi/11.3.1/../../../../arm-none-eabi/lib/thumb/v6-m/nofp\libc_nano.a(libc_a-findfp.o)
                0x000000000800a464                __sfp_lock_acquire
 .text.__sfp_lock_release
                0x000000000800a474       0x10 C:/ST/STM32CubeIDE_1.13.2/STM32CubeIDE/plugins/com.st.stm32cube.ide.mcu.externaltools.gnu-tools-for-stm32.11.3.rel1.win32_1.1.1.202309131626/tools/bin/../lib/gcc/arm-none-eabi/11.3.1/../../../../arm-none-eabi/lib/thumb/v6-m/nofp\libc_nano.a(libc_a-findfp.o)
                0x000000000800a474                __sfp_lock_release
 .text.__sinit  0x000000000800a484       0x30 C:/ST/STM32CubeIDE_1.13.2/STM32CubeIDE/plugins/com.st.stm32cube.ide.mcu.externaltools.gnu-tools-for-stm32.11.3.rel1.win32_1.1.1.202309131626/tools/bin/../lib/gcc/arm-none-eabi/11.3.1/../../../../arm-none-eabi/lib/thumb/v6-m/nofp\libc_nano.a(libc_a-findfp.o)
                0x000000000800a484                __sinit
 .text._fwalk_sglue
                0x000000000800a4b4       0x38 C:/ST/STM32CubeIDE_1.13.2/STM32CubeIDE/plugins/com.st.stm32cube.ide.mcu.externaltools.gnu-tools-for-stm32.11.3.rel1.win32_1.1.1.202309131626/tools/bin/../lib/gcc/arm-none-eabi/11.3.1/../../../../arm-none-eabi/lib/thumb/v6-m/nofp\libc_nano.a(libc_a-fwalk.o)
                0x000000000800a4b4                _fwalk_sglue
 .text._fwrite_r
                0x000000000800a4ec       0x9e C:/ST/STM32CubeIDE_1.13.2/STM32CubeIDE/plugins/com.st.stm32cube.ide.mcu.externaltools.gnu-tools-for-stm32.11.3.rel1.win32_1.1.1.202309131626/tools/bin/../lib/gcc/arm-none-eabi/11.3.1/../../../../arm-none-eabi/lib/thumb/v6-m/nofp\libc_nano.a(libc_a-fwrite.o)
                0x000000000800a4ec                _fwrite_r
 *fill*         0x000000000800a58a        0x2 
 .text.fwrite   0x000000000800a58c       0x18 C:/ST/STM32CubeIDE_1.13.2/STM32CubeIDE/plugins/com.st.stm32cube.ide.mcu.externaltools.gnu-tools-for-stm32.11.3.rel1.win32_1.1.1.202309131626/tools/bin/../lib/gcc/arm-none-eabi/11.3.1/../../../../arm-none-eabi/lib/thumb/v6-m/nofp\libc_nano.a(libc_a-fwrite.o)
                0x000000000800a58c                fwrite
 .text.printf   0x000000000800a5a4       0x20 C:/ST/STM32CubeIDE_1.13.2/STM32CubeIDE/plugins/com.st.stm32cube.ide.mcu.externaltools.gnu-tools-for-stm32.11.3.rel1.win32_1.1.1.202309131626/tools/bin/../lib/gcc/arm-none-eabi/11.3.1/../../../../arm-none-eabi/lib/thumb/v6-m/nofp\libc_nano.a(libc_a-printf.o)
                0x000000000800a5a4                iprintf
                0x000000000800a5a4                printf
 .text._puts_r  0x000000000800a5c4       0xac C:/ST/STM32CubeIDE_1.13.2/STM32CubeIDE/plugins/com.st.stm32cube.ide.mcu.externaltools.gnu-tools-for-stm32.11.3.rel1.win32_1.1.1.202309131626/tools/bin/../lib/gcc/arm-none-eabi/11.3.1/../../../../arm-none-eabi/lib/thumb/v6-m/nofp\libc_nano.a(libc_a-puts.o)
                0x000000000800a5c4                _puts_r
 .text.puts     0x000000000800a670       0x14 C:/ST/STM32CubeIDE_1.13.2/STM32CubeIDE/plugins/com.st.stm32cube.ide.mcu.externaltools.gnu-tools-for-stm32.11.3.rel1.win32_1.1.1.202309131626/tools/bin/../lib/gcc/arm-none-eabi/11.3.1/../../../../arm-none-eabi/lib/thumb/v6-m/nofp\libc_nano.a(libc_a-puts.o)
                0x000000000800a670                puts
 .text.__sread  0x000000000800a684       0x28 C:/ST/STM32CubeIDE_1.13.2/STM32CubeIDE/plugins/com.st.stm32cube.ide.mcu.externaltools.gnu-tools-for-stm32.11.3.rel1.win32_1.1.1.202309131626/tools/bin/../lib/gcc/arm-none-eabi/11.3.1/../../../../arm-none-eabi/lib/thumb/v6-m/nofp\libc_nano.a(libc_a-stdio.o)
                0x000000000800a684                __sread
 .text.__swrite
                0x000000000800a6ac       0x38 C:/ST/STM32CubeIDE_1.13.2/STM32CubeIDE/plugins/com.st.stm32cube.ide.mcu.externaltools.gnu-tools-for-stm32.11.3.rel1.win32_1.1.1.202309131626/tools/bin/../lib/gcc/arm-none-eabi/11.3.1/../../../../arm-none-eabi/lib/thumb/v6-m/nofp\libc_nano.a(libc_a-stdio.o)
                0x000000000800a6ac                __swrite
 .text.__sseek  0x000000000800a6e4       0x2c C:/ST/STM32CubeIDE_1.13.2/STM32CubeIDE/plugins/com.st.stm32cube.ide.mcu.externaltools.gnu-tools-for-stm32.11.3.rel1.win32_1.1.1.202309131626/tools/bin/../lib/gcc/arm-none-eabi/11.3.1/../../../../arm-none-eabi/lib/thumb/v6-m/nofp\libc_nano.a(libc_a-stdio.o)
                0x000000000800a6e4                __sseek
 .text.__sclose
                0x000000000800a710        0xc C:/ST/STM32CubeIDE_1.13.2/STM32CubeIDE/plugins/com.st.stm32cube.ide.mcu.externaltools.gnu-tools-for-stm32.11.3.rel1.win32_1.1.1.202309131626/tools/bin/../lib/gcc/arm-none-eabi/11.3.1/../../../../arm-none-eabi/lib/thumb/v6-m/nofp\libc_nano.a(libc_a-stdio.o)
                0x000000000800a710                __sclose
 .text.__swbuf_r
                0x000000000800a71c       0x84 C:/ST/STM32CubeIDE_1.13.2/STM32CubeIDE/plugins/com.st.stm32cube.ide.mcu.externaltools.gnu-tools-for-stm32.11.3.rel1.win32_1.1.1.202309131626/tools/bin/../lib/gcc/arm-none-eabi/11.3.1/../../../../arm-none-eabi/lib/thumb/v6-m/nofp\libc_nano.a(libc_a-wbuf.o)
                0x000000000800a71c                __swbuf_r
 .text.__swsetup_r
                0x000000000800a7a0       0xc8 C:/ST/STM32CubeIDE_1.13.2/STM32CubeIDE/plugins/com.st.stm32cube.ide.mcu.externaltools.gnu-tools-for-stm32.11.3.rel1.win32_1.1.1.202309131626/tools/bin/../lib/gcc/arm-none-eabi/11.3.1/../../../../arm-none-eabi/lib/thumb/v6-m/nofp\libc_nano.a(libc_a-wsetup.o)
                0x000000000800a7a0                __swsetup_r
 .text.memset   0x000000000800a868       0x10 C:/ST/STM32CubeIDE_1.13.2/STM32CubeIDE/plugins/com.st.stm32cube.ide.mcu.externaltools.gnu-tools-for-stm32.11.3.rel1.win32_1.1.1.202309131626/tools/bin/../lib/gcc/arm-none-eabi/11.3.1/../../../../arm-none-eabi/lib/thumb/v6-m/nofp\libc_nano.a(libc_a-memset.o)
                0x000000000800a868                memset
 .text._localeconv_r
                0x000000000800a878        0x8 C:/ST/STM32CubeIDE_1.13.2/STM32CubeIDE/plugins/com.st.stm32cube.ide.mcu.externaltools.gnu-tools-for-stm32.11.3.rel1.win32_1.1.1.202309131626/tools/bin/../lib/gcc/arm-none-eabi/11.3.1/../../../../arm-none-eabi/lib/thumb/v6-m/nofp\libc_nano.a(libc_a-localeconv.o)
                0x000000000800a878                _localeconv_r
 .text._close_r
                0x000000000800a880       0x24 C:/ST/STM32CubeIDE_1.13.2/STM32CubeIDE/plugins/com.st.stm32cube.ide.mcu.externaltools.gnu-tools-for-stm32.11.3.rel1.win32_1.1.1.202309131626/tools/bin/../lib/gcc/arm-none-eabi/11.3.1/../../../../arm-none-eabi/lib/thumb/v6-m/nofp\libc_nano.a(libc_a-closer.o)
                0x000000000800a880                _close_r
 .text._lseek_r
                0x000000000800a8a4       0x28 C:/ST/STM32CubeIDE_1.13.2/STM32CubeIDE/plugins/com.st.stm32cube.ide.mcu.externaltools.gnu-tools-for-stm32.11.3.rel1.win32_1.1.1.202309131626/tools/bin/../lib/gcc/arm-none-eabi/11.3.1/../../../../arm-none-eabi/lib/thumb/v6-m/nofp\libc_nano.a(libc_a-lseekr.o)
                0x000000000800a8a4                _lseek_r
 .text._read_r  0x000000000800a8cc       0x28 C:/ST/STM32CubeIDE_1.13.2/STM32CubeIDE/plugins/com.st.stm32cube.ide.mcu.externaltools.gnu-tools-for-stm32.11.3.rel1.win32_1.1.1.202309131626/tools/bin/../lib/gcc/arm-none-eabi/11.3.1/../../../../arm-none-eabi/lib/thumb/v6-m/nofp\libc_nano.a(libc_a-readr.o)
                0x000000000800a8cc                _read_r
 .text._sbrk_r  0x000000000800a8f4       0x24 C:/ST/STM32CubeIDE_1.13.2/STM32CubeIDE/plugins/com.st.stm32cube.ide.mcu.externaltools.gnu-tools-for-stm32.11.3.rel1.win32_1.1.1.202309131626/tools/bin/../lib/gcc/arm-none-eabi/11.3.1/../../../../arm-none-eabi/lib/thumb/v6-m/nofp\libc_nano.a(libc_a-sbrkr.o)
                0x000000000800a8f4                _sbrk_r
 .text._write_r
                0x000000000800a918       0x28 C:/ST/STM32CubeIDE_1.13.2/STM32CubeIDE/plugins/com.st.stm32cube.ide.mcu.externaltools.gnu-tools-for-stm32.11.3.rel1.win32_1.1.1.202309131626/tools/bin/../lib/gcc/arm-none-eabi/11.3.1/../../../../arm-none-eabi/lib/thumb/v6-m/nofp\libc_nano.a(libc_a-writer.o)
                0x000000000800a918                _write_r
 .text.__errno  0x000000000800a940        0xc C:/ST/STM32CubeIDE_1.13.2/STM32CubeIDE/plugins/com.st.stm32cube.ide.mcu.externaltools.gnu-tools-for-stm32.11.3.rel1.win32_1.1.1.202309131626/tools/bin/../lib/gcc/arm-none-eabi/11.3.1/../../../../arm-none-eabi/lib/thumb/v6-m/nofp\libc_nano.a(libc_a-errno.o)
                0x000000000800a940                __errno
 .text.__libc_init_array
                0x000000000800a94c       0x48 C:/ST/STM32CubeIDE_1.13.2/STM32CubeIDE/plugins/com.st.stm32cube.ide.mcu.externaltools.gnu-tools-for-stm32.11.3.rel1.win32_1.1.1.202309131626/tools/bin/../lib/gcc/arm-none-eabi/11.3.1/../../../../arm-none-eabi/lib/thumb/v6-m/nofp\libc_nano.a(libc_a-init.o)
                0x000000000800a94c                __libc_init_array
 .text.__retarget_lock_init_recursive
                0x000000000800a994        0x2 C:/ST/STM32CubeIDE_1.13.2/STM32CubeIDE/plugins/com.st.stm32cube.ide.mcu.externaltools.gnu-tools-for-stm32.11.3.rel1.win32_1.1.1.202309131626/tools/bin/../lib/gcc/arm-none-eabi/11.3.1/../../../../arm-none-eabi/lib/thumb/v6-m/nofp\libc_nano.a(libc_a-lock.o)
                0x000000000800a994                __retarget_lock_init_recursive
 .text.__retarget_lock_acquire_recursive
                0x000000000800a996        0x2 C:/ST/STM32CubeIDE_1.13.2/STM32CubeIDE/plugins/com.st.stm32cube.ide.mcu.externaltools.gnu-tools-for-stm32.11.3.rel1.win32_1.1.1.202309131626/tools/bin/../lib/gcc/arm-none-eabi/11.3.1/../../../../arm-none-eabi/lib/thumb/v6-m/nofp\libc_nano.a(libc_a-lock.o)
                0x000000000800a996                __retarget_lock_acquire_recursive
 .text.__retarget_lock_release_recursive
                0x000000000800a998        0x2 C:/ST/STM32CubeIDE_1.13.2/STM32CubeIDE/plugins/com.st.stm32cube.ide.mcu.externaltools.gnu-tools-for-stm32.11.3.rel1.win32_1.1.1.202309131626/tools/bin/../lib/gcc/arm-none-eabi/11.3.1/../../../../arm-none-eabi/lib/thumb/v6-m/nofp\libc_nano.a(libc_a-lock.o)
                0x000000000800a998                __retarget_lock_release_recursive
 .text.memchr   0x000000000800a99a       0x16 C:/ST/STM32CubeIDE_1.13.2/STM32CubeIDE/plugins/com.st.stm32cube.ide.mcu.externaltools.gnu-tools-for-stm32.11.3.rel1.win32_1.1.1.202309131626/tools/bin/../lib/gcc/arm-none-eabi/11.3.1/../../../../arm-none-eabi/lib/thumb/v6-m/nofp\libc_nano.a(libc_a-memchr-stub.o)
                0x000000000800a99a                memchr
 .text.memcpy   0x000000000800a9b0       0x12 C:/ST/STM32CubeIDE_1.13.2/STM32CubeIDE/plugins/com.st.stm32cube.ide.mcu.externaltools.gnu-tools-for-stm32.11.3.rel1.win32_1.1.1.202309131626/tools/bin/../lib/gcc/arm-none-eabi/11.3.1/../../../../arm-none-eabi/lib/thumb/v6-m/nofp\libc_nano.a(libc_a-memcpy-stub.o)
                0x000000000800a9b0                memcpy
 .text.quorem   0x000000000800a9c2      0x11e C:/ST/STM32CubeIDE_1.13.2/STM32CubeIDE/plugins/com.st.stm32cube.ide.mcu.externaltools.gnu-tools-for-stm32.11.3.rel1.win32_1.1.1.202309131626/tools/bin/../lib/gcc/arm-none-eabi/11.3.1/../../../../arm-none-eabi/lib/thumb/v6-m/nofp\libc_nano.a(libc_a-dtoa.o)
 .text._dtoa_r  0x000000000800aae0      0xc1c C:/ST/STM32CubeIDE_1.13.2/STM32CubeIDE/plugins/com.st.stm32cube.ide.mcu.externaltools.gnu-tools-for-stm32.11.3.rel1.win32_1.1.1.202309131626/tools/bin/../lib/gcc/arm-none-eabi/11.3.1/../../../../arm-none-eabi/lib/thumb/v6-m/nofp\libc_nano.a(libc_a-dtoa.o)
                0x000000000800aae0                _dtoa_r
 .text._free_r  0x000000000800b6fc       0x94 C:/ST/STM32CubeIDE_1.13.2/STM32CubeIDE/plugins/com.st.stm32cube.ide.mcu.externaltools.gnu-tools-for-stm32.11.3.rel1.win32_1.1.1.202309131626/tools/bin/../lib/gcc/arm-none-eabi/11.3.1/../../../../arm-none-eabi/lib/thumb/v6-m/nofp\libc_nano.a(libc_a-freer.o)
                0x000000000800b6fc                _free_r
 .text._Balloc  0x000000000800b790       0x88 C:/ST/STM32CubeIDE_1.13.2/STM32CubeIDE/plugins/com.st.stm32cube.ide.mcu.externaltools.gnu-tools-for-stm32.11.3.rel1.win32_1.1.1.202309131626/tools/bin/../lib/gcc/arm-none-eabi/11.3.1/../../../../arm-none-eabi/lib/thumb/v6-m/nofp\libc_nano.a(libc_a-mprec.o)
                0x000000000800b790                _Balloc
 .text._Bfree   0x000000000800b818       0x48 C:/ST/STM32CubeIDE_1.13.2/STM32CubeIDE/plugins/com.st.stm32cube.ide.mcu.externaltools.gnu-tools-for-stm32.11.3.rel1.win32_1.1.1.202309131626/tools/bin/../lib/gcc/arm-none-eabi/11.3.1/../../../../arm-none-eabi/lib/thumb/v6-m/nofp\libc_nano.a(libc_a-mprec.o)
                0x000000000800b818                _Bfree
 .text.__multadd
                0x000000000800b860       0x88 C:/ST/STM32CubeIDE_1.13.2/STM32CubeIDE/plugins/com.st.stm32cube.ide.mcu.externaltools.gnu-tools-for-stm32.11.3.rel1.win32_1.1.1.202309131626/tools/bin/../lib/gcc/arm-none-eabi/11.3.1/../../../../arm-none-eabi/lib/thumb/v6-m/nofp\libc_nano.a(libc_a-mprec.o)
                0x000000000800b860                __multadd
 .text.__hi0bits
                0x000000000800b8e8       0x34 C:/ST/STM32CubeIDE_1.13.2/STM32CubeIDE/plugins/com.st.stm32cube.ide.mcu.externaltools.gnu-tools-for-stm32.11.3.rel1.win32_1.1.1.202309131626/tools/bin/../lib/gcc/arm-none-eabi/11.3.1/../../../../arm-none-eabi/lib/thumb/v6-m/nofp\libc_nano.a(libc_a-mprec.o)
                0x000000000800b8e8                __hi0bits
 .text.__lo0bits
                0x000000000800b91c       0x5c C:/ST/STM32CubeIDE_1.13.2/STM32CubeIDE/plugins/com.st.stm32cube.ide.mcu.externaltools.gnu-tools-for-stm32.11.3.rel1.win32_1.1.1.202309131626/tools/bin/../lib/gcc/arm-none-eabi/11.3.1/../../../../arm-none-eabi/lib/thumb/v6-m/nofp\libc_nano.a(libc_a-mprec.o)
                0x000000000800b91c                __lo0bits
 .text.__i2b    0x000000000800b978       0x30 C:/ST/STM32CubeIDE_1.13.2/STM32CubeIDE/plugins/com.st.stm32cube.ide.mcu.externaltools.gnu-tools-for-stm32.11.3.rel1.win32_1.1.1.202309131626/tools/bin/../lib/gcc/arm-none-eabi/11.3.1/../../../../arm-none-eabi/lib/thumb/v6-m/nofp\libc_nano.a(libc_a-mprec.o)
                0x000000000800b978                __i2b
 .text.__multiply
                0x000000000800b9a8      0x160 C:/ST/STM32CubeIDE_1.13.2/STM32CubeIDE/plugins/com.st.stm32cube.ide.mcu.externaltools.gnu-tools-for-stm32.11.3.rel1.win32_1.1.1.202309131626/tools/bin/../lib/gcc/arm-none-eabi/11.3.1/../../../../arm-none-eabi/lib/thumb/v6-m/nofp\libc_nano.a(libc_a-mprec.o)
                0x000000000800b9a8                __multiply
 .text.__pow5mult
                0x000000000800bb08       0xb8 C:/ST/STM32CubeIDE_1.13.2/STM32CubeIDE/plugins/com.st.stm32cube.ide.mcu.externaltools.gnu-tools-for-stm32.11.3.rel1.win32_1.1.1.202309131626/tools/bin/../lib/gcc/arm-none-eabi/11.3.1/../../../../arm-none-eabi/lib/thumb/v6-m/nofp\libc_nano.a(libc_a-mprec.o)
                0x000000000800bb08                __pow5mult
 .text.__lshift
                0x000000000800bbc0       0xdc C:/ST/STM32CubeIDE_1.13.2/STM32CubeIDE/plugins/com.st.stm32cube.ide.mcu.externaltools.gnu-tools-for-stm32.11.3.rel1.win32_1.1.1.202309131626/tools/bin/../lib/gcc/arm-none-eabi/11.3.1/../../../../arm-none-eabi/lib/thumb/v6-m/nofp\libc_nano.a(libc_a-mprec.o)
                0x000000000800bbc0                __lshift
 .text.__mcmp   0x000000000800bc9c       0x38 C:/ST/STM32CubeIDE_1.13.2/STM32CubeIDE/plugins/com.st.stm32cube.ide.mcu.externaltools.gnu-tools-for-stm32.11.3.rel1.win32_1.1.1.202309131626/tools/bin/../lib/gcc/arm-none-eabi/11.3.1/../../../../arm-none-eabi/lib/thumb/v6-m/nofp\libc_nano.a(libc_a-mprec.o)
                0x000000000800bc9c                __mcmp
 .text.__mdiff  0x000000000800bcd4      0x130 C:/ST/STM32CubeIDE_1.13.2/STM32CubeIDE/plugins/com.st.stm32cube.ide.mcu.externaltools.gnu-tools-for-stm32.11.3.rel1.win32_1.1.1.202309131626/tools/bin/../lib/gcc/arm-none-eabi/11.3.1/../../../../arm-none-eabi/lib/thumb/v6-m/nofp\libc_nano.a(libc_a-mprec.o)
                0x000000000800bcd4                __mdiff
 .text.__d2b    0x000000000800be04       0xc0 C:/ST/STM32CubeIDE_1.13.2/STM32CubeIDE/plugins/com.st.stm32cube.ide.mcu.externaltools.gnu-tools-for-stm32.11.3.rel1.win32_1.1.1.202309131626/tools/bin/../lib/gcc/arm-none-eabi/11.3.1/../../../../arm-none-eabi/lib/thumb/v6-m/nofp\libc_nano.a(libc_a-mprec.o)
                0x000000000800be04                __d2b
 .text.__sfputc_r
                0x000000000800bec4       0x2a C:/ST/STM32CubeIDE_1.13.2/STM32CubeIDE/plugins/com.st.stm32cube.ide.mcu.externaltools.gnu-tools-for-stm32.11.3.rel1.win32_1.1.1.202309131626/tools/bin/../lib/gcc/arm-none-eabi/11.3.1/../../../../arm-none-eabi/lib/thumb/v6-m/nofp\libc_nano.a(libc_a-nano-vfprintf.o)
 .text.__sfputs_r
                0x000000000800beee       0x24 C:/ST/STM32CubeIDE_1.13.2/STM32CubeIDE/plugins/com.st.stm32cube.ide.mcu.externaltools.gnu-tools-for-stm32.11.3.rel1.win32_1.1.1.202309131626/tools/bin/../lib/gcc/arm-none-eabi/11.3.1/../../../../arm-none-eabi/lib/thumb/v6-m/nofp\libc_nano.a(libc_a-nano-vfprintf.o)
                0x000000000800beee                __sfputs_r
 *fill*         0x000000000800bf12        0x2 
 .text._vfprintf_r
                0x000000000800bf14      0x238 C:/ST/STM32CubeIDE_1.13.2/STM32CubeIDE/plugins/com.st.stm32cube.ide.mcu.externaltools.gnu-tools-for-stm32.11.3.rel1.win32_1.1.1.202309131626/tools/bin/../lib/gcc/arm-none-eabi/11.3.1/../../../../arm-none-eabi/lib/thumb/v6-m/nofp\libc_nano.a(libc_a-nano-vfprintf.o)
                0x000000000800bf14                _vfprintf_r
                0x000000000800bf14                _vfiprintf_r
 .text.__sflush_r
                0x000000000800c14c      0x114 C:/ST/STM32CubeIDE_1.13.2/STM32CubeIDE/plugins/com.st.stm32cube.ide.mcu.externaltools.gnu-tools-for-stm32.11.3.rel1.win32_1.1.1.202309131626/tools/bin/../lib/gcc/arm-none-eabi/11.3.1/../../../../arm-none-eabi/lib/thumb/v6-m/nofp\libc_nano.a(libc_a-fflush.o)
                0x000000000800c14c                __sflush_r
 .text._fflush_r
                0x000000000800c260       0x56 C:/ST/STM32CubeIDE_1.13.2/STM32CubeIDE/plugins/com.st.stm32cube.ide.mcu.externaltools.gnu-tools-for-stm32.11.3.rel1.win32_1.1.1.202309131626/tools/bin/../lib/gcc/arm-none-eabi/11.3.1/../../../../arm-none-eabi/lib/thumb/v6-m/nofp\libc_nano.a(libc_a-fflush.o)
                0x000000000800c260                _fflush_r
 *fill*         0x000000000800c2b6        0x2 
 .text.__swhatbuf_r
                0x000000000800c2b8       0x50 C:/ST/STM32CubeIDE_1.13.2/STM32CubeIDE/plugins/com.st.stm32cube.ide.mcu.externaltools.gnu-tools-for-stm32.11.3.rel1.win32_1.1.1.202309131626/tools/bin/../lib/gcc/arm-none-eabi/11.3.1/../../../../arm-none-eabi/lib/thumb/v6-m/nofp\libc_nano.a(libc_a-makebuf.o)
                0x000000000800c2b8                __swhatbuf_r
 .text.__smakebuf_r
                0x000000000800c308       0x7c C:/ST/STM32CubeIDE_1.13.2/STM32CubeIDE/plugins/com.st.stm32cube.ide.mcu.externaltools.gnu-tools-for-stm32.11.3.rel1.win32_1.1.1.202309131626/tools/bin/../lib/gcc/arm-none-eabi/11.3.1/../../../../arm-none-eabi/lib/thumb/v6-m/nofp\libc_nano.a(libc_a-makebuf.o)
                0x000000000800c308                __smakebuf_r
 .text._fstat_r
                0x000000000800c384       0x24 C:/ST/STM32CubeIDE_1.13.2/STM32CubeIDE/plugins/com.st.stm32cube.ide.mcu.externaltools.gnu-tools-for-stm32.11.3.rel1.win32_1.1.1.202309131626/tools/bin/../lib/gcc/arm-none-eabi/11.3.1/../../../../arm-none-eabi/lib/thumb/v6-m/nofp\libc_nano.a(libc_a-fstatr.o)
                0x000000000800c384                _fstat_r
 .text._isatty_r
                0x000000000800c3a8       0x24 C:/ST/STM32CubeIDE_1.13.2/STM32CubeIDE/plugins/com.st.stm32cube.ide.mcu.externaltools.gnu-tools-for-stm32.11.3.rel1.win32_1.1.1.202309131626/tools/bin/../lib/gcc/arm-none-eabi/11.3.1/../../../../arm-none-eabi/lib/thumb/v6-m/nofp\libc_nano.a(libc_a-isattyr.o)
                0x000000000800c3a8                _isatty_r
 .text.__assert_func
                0x000000000800c3cc       0x3c C:/ST/STM32CubeIDE_1.13.2/STM32CubeIDE/plugins/com.st.stm32cube.ide.mcu.externaltools.gnu-tools-for-stm32.11.3.rel1.win32_1.1.1.202309131626/tools/bin/../lib/gcc/arm-none-eabi/11.3.1/../../../../arm-none-eabi/lib/thumb/v6-m/nofp\libc_nano.a(libc_a-assert.o)
                0x000000000800c3cc                __assert_func
 .text._calloc_r
                0x000000000800c408       0x5a C:/ST/STM32CubeIDE_1.13.2/STM32CubeIDE/plugins/com.st.stm32cube.ide.mcu.externaltools.gnu-tools-for-stm32.11.3.rel1.win32_1.1.1.202309131626/tools/bin/../lib/gcc/arm-none-eabi/11.3.1/../../../../arm-none-eabi/lib/thumb/v6-m/nofp\libc_nano.a(libc_a-callocr.o)
                0x000000000800c408                _calloc_r
 .text.__ascii_mbtowc
                0x000000000800c462       0x24 C:/ST/STM32CubeIDE_1.13.2/STM32CubeIDE/plugins/com.st.stm32cube.ide.mcu.externaltools.gnu-tools-for-stm32.11.3.rel1.win32_1.1.1.202309131626/tools/bin/../lib/gcc/arm-none-eabi/11.3.1/../../../../arm-none-eabi/lib/thumb/v6-m/nofp\libc_nano.a(libc_a-mbtowc_r.o)
                0x000000000800c462                __ascii_mbtowc
 .text.__ascii_wctomb
                0x000000000800c486       0x1a C:/ST/STM32CubeIDE_1.13.2/STM32CubeIDE/plugins/com.st.stm32cube.ide.mcu.externaltools.gnu-tools-for-stm32.11.3.rel1.win32_1.1.1.202309131626/tools/bin/../lib/gcc/arm-none-eabi/11.3.1/../../../../arm-none-eabi/lib/thumb/v6-m/nofp\libc_nano.a(libc_a-wctomb_r.o)
                0x000000000800c486                __ascii_wctomb
 .text.fprintf  0x000000000800c4a0       0x20 C:/ST/STM32CubeIDE_1.13.2/STM32CubeIDE/plugins/com.st.stm32cube.ide.mcu.externaltools.gnu-tools-for-stm32.11.3.rel1.win32_1.1.1.202309131626/tools/bin/../lib/gcc/arm-none-eabi/11.3.1/../../../../arm-none-eabi/lib/thumb/v6-m/nofp\libc_nano.a(libc_a-fprintf.o)
                0x000000000800c4a0                fiprintf
                0x000000000800c4a0                fprintf
 .text.abort    0x000000000800c4c0        0xe C:/ST/STM32CubeIDE_1.13.2/STM32CubeIDE/plugins/com.st.stm32cube.ide.mcu.externaltools.gnu-tools-for-stm32.11.3.rel1.win32_1.1.1.202309131626/tools/bin/../lib/gcc/arm-none-eabi/11.3.1/../../../../arm-none-eabi/lib/thumb/v6-m/nofp\libc_nano.a(libc_a-abort.o)
                0x000000000800c4c0                abort
 .text._raise_r
                0x000000000800c4ce       0x54 C:/ST/STM32CubeIDE_1.13.2/STM32CubeIDE/plugins/com.st.stm32cube.ide.mcu.externaltools.gnu-tools-for-stm32.11.3.rel1.win32_1.1.1.202309131626/tools/bin/../lib/gcc/arm-none-eabi/11.3.1/../../../../arm-none-eabi/lib/thumb/v6-m/nofp\libc_nano.a(libc_a-signal.o)
                0x000000000800c4ce                _raise_r
 *fill*         0x000000000800c522        0x2 
 .text.raise    0x000000000800c524       0x14 C:/ST/STM32CubeIDE_1.13.2/STM32CubeIDE/plugins/com.st.stm32cube.ide.mcu.externaltools.gnu-tools-for-stm32.11.3.rel1.win32_1.1.1.202309131626/tools/bin/../lib/gcc/arm-none-eabi/11.3.1/../../../../arm-none-eabi/lib/thumb/v6-m/nofp\libc_nano.a(libc_a-signal.o)
                0x000000000800c524                raise
 .text._kill_r  0x000000000800c538       0x24 C:/ST/STM32CubeIDE_1.13.2/STM32CubeIDE/plugins/com.st.stm32cube.ide.mcu.externaltools.gnu-tools-for-stm32.11.3.rel1.win32_1.1.1.202309131626/tools/bin/../lib/gcc/arm-none-eabi/11.3.1/../../../../arm-none-eabi/lib/thumb/v6-m/nofp\libc_nano.a(libc_a-signalr.o)
                0x000000000800c538                _kill_r
 .text._getpid_r
                0x000000000800c55c        0x8 C:/ST/STM32CubeIDE_1.13.2/STM32CubeIDE/plugins/com.st.stm32cube.ide.mcu.externaltools.gnu-tools-for-stm32.11.3.rel1.win32_1.1.1.202309131626/tools/bin/../lib/gcc/arm-none-eabi/11.3.1/../../../../arm-none-eabi/lib/thumb/v6-m/nofp\libc_nano.a(libc_a-signalr.o)
                0x000000000800c55c                _getpid_r
 *(.glue_7)
 .glue_7        0x000000000800c564        0x0 linker stubs
 *(.glue_7t)
 .glue_7t       0x000000000800c564        0x0 linker stubs
 *(.eh_frame)
 .eh_frame      0x000000000800c564        0x0 C:/ST/STM32CubeIDE_1.13.2/STM32CubeIDE/plugins/com.st.stm32cube.ide.mcu.externaltools.gnu-tools-for-stm32.11.3.rel1.win32_1.1.1.202309131626/tools/bin/../lib/gcc/arm-none-eabi/11.3.1/thumb/v6-m/nofp/crtbegin.o
 *(.init)
 .init          0x000000000800c564        0x4 C:/ST/STM32CubeIDE_1.13.2/STM32CubeIDE/plugins/com.st.stm32cube.ide.mcu.externaltools.gnu-tools-for-stm32.11.3.rel1.win32_1.1.1.202309131626/tools/bin/../lib/gcc/arm-none-eabi/11.3.1/thumb/v6-m/nofp/crti.o
                0x000000000800c564                _init
 .init          0x000000000800c568        0x8 C:/ST/STM32CubeIDE_1.13.2/STM32CubeIDE/plugins/com.st.stm32cube.ide.mcu.externaltools.gnu-tools-for-stm32.11.3.rel1.win32_1.1.1.202309131626/tools/bin/../lib/gcc/arm-none-eabi/11.3.1/thumb/v6-m/nofp/crtn.o
 *(.fini)
 .fini          0x000000000800c570        0x4 C:/ST/STM32CubeIDE_1.13.2/STM32CubeIDE/plugins/com.st.stm32cube.ide.mcu.externaltools.gnu-tools-for-stm32.11.3.rel1.win32_1.1.1.202309131626/tools/bin/../lib/gcc/arm-none-eabi/11.3.1/thumb/v6-m/nofp/crti.o
                0x000000000800c570                _fini
 .fini          0x000000000800c574        0x8 C:/ST/STM32CubeIDE_1.13.2/STM32CubeIDE/plugins/com.st.stm32cube.ide.mcu.externaltools.gnu-tools-for-stm32.11.3.rel1.win32_1.1.1.202309131626/tools/bin/../lib/gcc/arm-none-eabi/11.3.1/thumb/v6-m/nofp/crtn.o
                0x000000000800c57c                . = ALIGN (0x4)
                0x000000000800c57c                _etext = .

.vfp11_veneer   0x000000000800c57c        0x0
 .vfp11_veneer  0x000000000800c57c        0x0 linker stubs

.v4_bx          0x000000000800c57c        0x0
 .v4_bx         0x000000000800c57c        0x0 linker stubs

.iplt           0x000000000800c57c        0x0
 .iplt          0x000000000800c57c        0x0 C:/ST/STM32CubeIDE_1.13.2/STM32CubeIDE/plugins/com.st.stm32cube.ide.mcu.externaltools.gnu-tools-for-stm32.11.3.rel1.win32_1.1.1.202309131626/tools/bin/../lib/gcc/arm-none-eabi/11.3.1/thumb/v6-m/nofp/crtbegin.o

.rodata         0x000000000800c580      0x554
                0x000000000800c580                . = ALIGN (0x4)
 *(.rodata)
 .rodata        0x000000000800c580       0x3a ./Core/Src/event.o
 *fill*         0x000000000800c5ba        0x2 
 .rodata        0x000000000800c5bc       0x2e ./Core/Src/heater.o
 *fill*         0x000000000800c5ea        0x2 
 .rodata        0x000000000800c5ec       0x19 ./Core/Src/main.o
 *fill*         0x000000000800c605        0x3 
 .rodata        0x000000000800c608       0x80 C:/ST/STM32CubeIDE_1.13.2/STM32CubeIDE/plugins/com.st.stm32cube.ide.mcu.externaltools.gnu-tools-for-stm32.11.3.rel1.win32_1.1.1.202309131626/tools/bin/../lib/gcc/arm-none-eabi/11.3.1/thumb/v6-m/nofp\libgcc.a(divsf3.o)
 .rodata        0x000000000800c688       0x40 C:/ST/STM32CubeIDE_1.13.2/STM32CubeIDE/plugins/com.st.stm32cube.ide.mcu.externaltools.gnu-tools-for-stm32.11.3.rel1.win32_1.1.1.202309131626/tools/bin/../lib/gcc/arm-none-eabi/11.3.1/thumb/v6-m/nofp\libgcc.a(divdf3.o)
 *(.rodata*)
 .rodata.heater_set_level
                0x000000000800c6c8       0x1c ./Core/Src/heater.o
 .rodata.HAL_GPIO_EXTI_Callback
                0x000000000800c6e4       0x44 ./Core/Src/main.o
 .rodata.AHBPrescTable
                0x000000000800c728       0x10 ./Core/Src/system_stm32f0xx.o
                0x000000000800c728                AHBPrescTable
 .rodata.APBPrescTable
                0x000000000800c738        0x8 ./Core/Src/system_stm32f0xx.o
                0x000000000800c738                APBPrescTable
 .rodata.aPLLMULFactorTable.1
                0x000000000800c740       0x10 ./Drivers/STM32F0xx_HAL_Driver/Src/stm32f0xx_hal_rcc.o
 .rodata.aPredivFactorTable.0
                0x000000000800c750       0x10 ./Drivers/STM32F0xx_HAL_Driver/Src/stm32f0xx_hal_rcc.o
 .rodata._printf_float.str1.1
                0x000000000800c760       0x12 C:/ST/STM32CubeIDE_1.13.2/STM32CubeIDE/plugins/com.st.stm32cube.ide.mcu.externaltools.gnu-tools-for-stm32.11.3.rel1.win32_1.1.1.202309131626/tools/bin/../lib/gcc/arm-none-eabi/11.3.1/../../../../arm-none-eabi/lib/thumb/v6-m/nofp\libc_nano.a(libc_a-nano-vfprintf_float.o)
 .rodata._printf_i.str1.1
                0x000000000800c772       0x22 C:/ST/STM32CubeIDE_1.13.2/STM32CubeIDE/plugins/com.st.stm32cube.ide.mcu.externaltools.gnu-tools-for-stm32.11.3.rel1.win32_1.1.1.202309131626/tools/bin/../lib/gcc/arm-none-eabi/11.3.1/../../../../arm-none-eabi/lib/thumb/v6-m/nofp\libc_nano.a(libc_a-nano-vfprintf_i.o)
 .rodata._dtoa_r.str1.1
                0x000000000800c794       0x8d C:/ST/STM32CubeIDE_1.13.2/STM32CubeIDE/plugins/com.st.stm32cube.ide.mcu.externaltools.gnu-tools-for-stm32.11.3.rel1.win32_1.1.1.202309131626/tools/bin/../lib/gcc/arm-none-eabi/11.3.1/../../../../arm-none-eabi/lib/thumb/v6-m/nofp\libc_nano.a(libc_a-dtoa.o)
                                         0x8f (size before relaxing)
 .rodata._Balloc.str1.1
                0x000000000800c821       0x59 C:/ST/STM32CubeIDE_1.13.2/STM32CubeIDE/plugins/com.st.stm32cube.ide.mcu.externaltools.gnu-tools-for-stm32.11.3.rel1.win32_1.1.1.202309131626/tools/bin/../lib/gcc/arm-none-eabi/11.3.1/../../../../arm-none-eabi/lib/thumb/v6-m/nofp\libc_nano.a(libc_a-mprec.o)
                                         0x70 (size before relaxing)
 .rodata.__multadd.str1.1
                0x000000000800c87a       0x11 C:/ST/STM32CubeIDE_1.13.2/STM32CubeIDE/plugins/com.st.stm32cube.ide.mcu.externaltools.gnu-tools-for-stm32.11.3.rel1.win32_1.1.1.202309131626/tools/bin/../lib/gcc/arm-none-eabi/11.3.1/../../../../arm-none-eabi/lib/thumb/v6-m/nofp\libc_nano.a(libc_a-mprec.o)
 *fill*         0x000000000800c87a        0x6 
 .rodata.__mprec_bigtens
                0x000000000800c880       0x28 C:/ST/STM32CubeIDE_1.13.2/STM32CubeIDE/plugins/com.st.stm32cube.ide.mcu.externaltools.gnu-tools-for-stm32.11.3.rel1.win32_1.1.1.202309131626/tools/bin/../lib/gcc/arm-none-eabi/11.3.1/../../../../arm-none-eabi/lib/thumb/v6-m/nofp\libc_nano.a(libc_a-mprec.o)
                0x000000000800c880                __mprec_bigtens
 .rodata.__mprec_tens
                0x000000000800c8a8       0xc8 C:/ST/STM32CubeIDE_1.13.2/STM32CubeIDE/plugins/com.st.stm32cube.ide.mcu.externaltools.gnu-tools-for-stm32.11.3.rel1.win32_1.1.1.202309131626/tools/bin/../lib/gcc/arm-none-eabi/11.3.1/../../../../arm-none-eabi/lib/thumb/v6-m/nofp\libc_nano.a(libc_a-mprec.o)
                0x000000000800c8a8                __mprec_tens
 .rodata.p05.0  0x000000000800c970        0xc C:/ST/STM32CubeIDE_1.13.2/STM32CubeIDE/plugins/com.st.stm32cube.ide.mcu.externaltools.gnu-tools-for-stm32.11.3.rel1.win32_1.1.1.202309131626/tools/bin/../lib/gcc/arm-none-eabi/11.3.1/../../../../arm-none-eabi/lib/thumb/v6-m/nofp\libc_nano.a(libc_a-mprec.o)
 .rodata._vfprintf_r.str1.1
                0x000000000800c97c       0x11 C:/ST/STM32CubeIDE_1.13.2/STM32CubeIDE/plugins/com.st.stm32cube.ide.mcu.externaltools.gnu-tools-for-stm32.11.3.rel1.win32_1.1.1.202309131626/tools/bin/../lib/gcc/arm-none-eabi/11.3.1/../../../../arm-none-eabi/lib/thumb/v6-m/nofp\libc_nano.a(libc_a-nano-vfprintf.o)
 .rodata._setlocale_r.str1.1
                0x000000000800c98d        0x8 C:/ST/STM32CubeIDE_1.13.2/STM32CubeIDE/plugins/com.st.stm32cube.ide.mcu.externaltools.gnu-tools-for-stm32.11.3.rel1.win32_1.1.1.202309131626/tools/bin/../lib/gcc/arm-none-eabi/11.3.1/../../../../arm-none-eabi/lib/thumb/v6-m/nofp\libc_nano.a(libc_a-locale.o)
                                          0x9 (size before relaxing)
 .rodata.str1.1
                0x000000000800c995        0x2 C:/ST/STM32CubeIDE_1.13.2/STM32CubeIDE/plugins/com.st.stm32cube.ide.mcu.externaltools.gnu-tools-for-stm32.11.3.rel1.win32_1.1.1.202309131626/tools/bin/../lib/gcc/arm-none-eabi/11.3.1/../../../../arm-none-eabi/lib/thumb/v6-m/nofp\libc_nano.a(libc_a-locale.o)
 .rodata.__assert_func.str1.1
                0x000000000800c997       0x3c C:/ST/STM32CubeIDE_1.13.2/STM32CubeIDE/plugins/com.st.stm32cube.ide.mcu.externaltools.gnu-tools-for-stm32.11.3.rel1.win32_1.1.1.202309131626/tools/bin/../lib/gcc/arm-none-eabi/11.3.1/../../../../arm-none-eabi/lib/thumb/v6-m/nofp\libc_nano.a(libc_a-assert.o)
                                         0x3d (size before relaxing)
 .rodata._ctype_
                0x000000000800c9d3      0x101 C:/ST/STM32CubeIDE_1.13.2/STM32CubeIDE/plugins/com.st.stm32cube.ide.mcu.externaltools.gnu-tools-for-stm32.11.3.rel1.win32_1.1.1.202309131626/tools/bin/../lib/gcc/arm-none-eabi/11.3.1/../../../../arm-none-eabi/lib/thumb/v6-m/nofp\libc_nano.a(libc_a-ctype_.o)
                0x000000000800c9d3                _ctype_
                0x000000000800cad4                . = ALIGN (0x4)

.rel.dyn        0x000000000800cad4        0x0
 .rel.iplt      0x000000000800cad4        0x0 C:/ST/STM32CubeIDE_1.13.2/STM32CubeIDE/plugins/com.st.stm32cube.ide.mcu.externaltools.gnu-tools-for-stm32.11.3.rel1.win32_1.1.1.202309131626/tools/bin/../lib/gcc/arm-none-eabi/11.3.1/thumb/v6-m/nofp/crtbegin.o

.ARM.extab      0x000000000800cad4        0x0
                0x000000000800cad4                . = ALIGN (0x4)
 *(.ARM.extab* .gnu.linkonce.armextab.*)
                0x000000000800cad4                . = ALIGN (0x4)

.ARM            0x000000000800cad4        0x0
                0x000000000800cad4                . = ALIGN (0x4)
                0x000000000800cad4                __exidx_start = .
 *(.ARM.exidx*)
                0x000000000800cad4                __exidx_end = .
                0x000000000800cad4                . = ALIGN (0x4)

.preinit_array  0x000000000800cad4        0x0
                0x000000000800cad4                . = ALIGN (0x4)
                0x000000000800cad4                PROVIDE (__preinit_array_start = .)
 *(.preinit_array*)
                0x000000000800cad4                PROVIDE (__preinit_array_end = .)
                0x000000000800cad4                . = ALIGN (0x4)

.init_array     0x000000000800cad4        0x4
                0x000000000800cad4                . = ALIGN (0x4)
                0x000000000800cad4                PROVIDE (__init_array_start = .)
 *(SORT_BY_NAME(.init_array.*))
 *(.init_array*)
 .init_array    0x000000000800cad4        0x4 C:/ST/STM32CubeIDE_1.13.2/STM32CubeIDE/plugins/com.st.stm32cube.ide.mcu.externaltools.gnu-tools-for-stm32.11.3.rel1.win32_1.1.1.202309131626/tools/bin/../lib/gcc/arm-none-eabi/11.3.1/thumb/v6-m/nofp/crtbegin.o
                0x000000000800cad8                PROVIDE (__init_array_end = .)
                0x000000000800cad8                . = ALIGN (0x4)

.fini_array     0x000000000800cad8        0x4
                0x000000000800cad8                . = ALIGN (0x4)
                [!provide]                        PROVIDE (__fini_array_start = .)
 *(SORT_BY_NAME(.fini_array.*))
 *(.fini_array*)
 .fini_array    0x000000000800cad8        0x4 C:/ST/STM32CubeIDE_1.13.2/STM32CubeIDE/plugins/com.st.stm32cube.ide.mcu.externaltools.gnu-tools-for-stm32.11.3.rel1.win32_1.1.1.202309131626/tools/bin/../lib/gcc/arm-none-eabi/11.3.1/thumb/v6-m/nofp/crtbegin.o
                [!provide]                        PROVIDE (__fini_array_end = .)
                0x000000000800cadc                . = ALIGN (0x4)
                0x000000000800cadc                _sidata = LOADADDR (.data)

.data           0x0000000020000000      0x364 load address 0x000000000800cadc
                0x0000000020000000                . = ALIGN (0x4)
                0x0000000020000000                _sdata = .
 *(.data)
 *(.data*)
 .data.SystemCoreClock
                0x0000000020000000        0x4 ./Core/Src/system_stm32f0xx.o
                0x0000000020000000                SystemCoreClock
 .data.p1       0x0000000020000004       0x3e ./Core/Src/ui.o
 *fill*         0x0000000020000042        0x2 
 .data.p2       0x0000000020000044       0x3e ./Core/Src/ui.o
 *fill*         0x0000000020000082        0x2 
 .data.p3       0x0000000020000084       0x3e ./Core/Src/ui.o
 *fill*         0x00000000200000c2        0x2 
 .data.kp_gradient
                0x00000000200000c4       0x18 ./Core/Src/ui.o
                0x00000000200000c4                kp_gradient
 .data.ki_gradient
                0x00000000200000dc       0x18 ./Core/Src/ui.o
                0x00000000200000dc                ki_gradient
 .data.kd_gradient
                0x00000000200000f4       0x18 ./Core/Src/ui.o
                0x00000000200000f4                kd_gradient
 .data.interval_gradient
                0x000000002000010c       0x18 ./Core/Src/ui.o
                0x000000002000010c                interval_gradient
 .data.kp_setpoint
                0x0000000020000124       0x18 ./Core/Src/ui.o
                0x0000000020000124                kp_setpoint
 .data.ki_setpoint
                0x000000002000013c       0x18 ./Core/Src/ui.o
                0x000000002000013c                ki_setpoint
 .data.kd_setpoint
                0x0000000020000154       0x18 ./Core/Src/ui.o
                0x0000000020000154                kd_setpoint
 .data.interval_setpoint
                0x000000002000016c       0x18 ./Core/Src/ui.o
                0x000000002000016c                interval_setpoint
 .data.degree_slash
                0x0000000020000184        0x8 ./Core/Src/ui.o
                0x0000000020000184                degree_slash
 .data.degree   0x000000002000018c        0x8 ./Core/Src/ui.o
                0x000000002000018c                degree
 .data.uwTickPrio
                0x0000000020000194        0x4 ./Drivers/STM32F0xx_HAL_Driver/Src/stm32f0xx_hal.o
                0x0000000020000194                uwTickPrio
 .data.uwTickFreq
                0x0000000020000198        0x1 ./Drivers/STM32F0xx_HAL_Driver/Src/stm32f0xx_hal.o
                0x0000000020000198                uwTickFreq
 *fill*         0x0000000020000199        0x3 
 .data.__sglue  0x000000002000019c        0xc C:/ST/STM32CubeIDE_1.13.2/STM32CubeIDE/plugins/com.st.stm32cube.ide.mcu.externaltools.gnu-tools-for-stm32.11.3.rel1.win32_1.1.1.202309131626/tools/bin/../lib/gcc/arm-none-eabi/11.3.1/../../../../arm-none-eabi/lib/thumb/v6-m/nofp\libc_nano.a(libc_a-findfp.o)
                0x000000002000019c                __sglue
 .data._impure_data
                0x00000000200001a8       0x4c C:/ST/STM32CubeIDE_1.13.2/STM32CubeIDE/plugins/com.st.stm32cube.ide.mcu.externaltools.gnu-tools-for-stm32.11.3.rel1.win32_1.1.1.202309131626/tools/bin/../lib/gcc/arm-none-eabi/11.3.1/../../../../arm-none-eabi/lib/thumb/v6-m/nofp\libc_nano.a(libc_a-impure.o)
                0x00000000200001a8                _impure_data
 .data._impure_ptr
                0x00000000200001f4        0x4 C:/ST/STM32CubeIDE_1.13.2/STM32CubeIDE/plugins/com.st.stm32cube.ide.mcu.externaltools.gnu-tools-for-stm32.11.3.rel1.win32_1.1.1.202309131626/tools/bin/../lib/gcc/arm-none-eabi/11.3.1/../../../../arm-none-eabi/lib/thumb/v6-m/nofp\libc_nano.a(libc_a-impure.o)
                0x00000000200001f4                _impure_ptr
 .data.__global_locale
                0x00000000200001f8      0x16c C:/ST/STM32CubeIDE_1.13.2/STM32CubeIDE/plugins/com.st.stm32cube.ide.mcu.externaltools.gnu-tools-for-stm32.11.3.rel1.win32_1.1.1.202309131626/tools/bin/../lib/gcc/arm-none-eabi/11.3.1/../../../../arm-none-eabi/lib/thumb/v6-m/nofp\libc_nano.a(libc_a-locale.o)
                0x00000000200001f8                __global_locale
 *(.RamFunc)
 *(.RamFunc*)
                0x0000000020000364                . = ALIGN (0x4)
                0x0000000020000364                _edata = .

.igot.plt       0x0000000020000364        0x0 load address 0x000000000800ce40
 .igot.plt      0x0000000020000364        0x0 C:/ST/STM32CubeIDE_1.13.2/STM32CubeIDE/plugins/com.st.stm32cube.ide.mcu.externaltools.gnu-tools-for-stm32.11.3.rel1.win32_1.1.1.202309131626/tools/bin/../lib/gcc/arm-none-eabi/11.3.1/thumb/v6-m/nofp/crtbegin.o
                0x0000000020000364                . = ALIGN (0x4)

.bss            0x0000000020000364      0x704 load address 0x000000000800ce40
                0x0000000020000364                _sbss = .
                0x0000000020000364                __bss_start__ = _sbss
 *(.bss)
 .bss           0x0000000020000364       0x1c C:/ST/STM32CubeIDE_1.13.2/STM32CubeIDE/plugins/com.st.stm32cube.ide.mcu.externaltools.gnu-tools-for-stm32.11.3.rel1.win32_1.1.1.202309131626/tools/bin/../lib/gcc/arm-none-eabi/11.3.1/thumb/v6-m/nofp/crtbegin.o
 *(.bss*)
 .bss.hlog_huart
                0x0000000020000380        0x4 ./Core/Src/log.o
 .bss.hi2c1     0x0000000020000384       0x54 ./Core/Src/main.o
                0x0000000020000384                hi2c1
 .bss.hrtc      0x00000000200003d8       0x20 ./Core/Src/main.o
                0x00000000200003d8                hrtc
 .bss.hspi2     0x00000000200003f8       0x64 ./Core/Src/main.o
                0x00000000200003f8                hspi2
 .bss.htim3     0x000000002000045c       0x48 ./Core/Src/main.o
                0x000000002000045c                htim3
 .bss.huart1    0x00000000200004a4       0x88 ./Core/Src/main.o
                0x00000000200004a4                huart1
 .bss.htemp     0x000000002000052c        0xc ./Core/Src/main.o
                0x000000002000052c                htemp
 .bss.hlcd      0x0000000020000538       0x14 ./Core/Src/main.o
                0x0000000020000538                hlcd
 .bss.hheater   0x000000002000054c       0x58 ./Core/Src/main.o
                0x000000002000054c                hheater
 .bss.hencoder  0x00000000200005a4       0x24 ./Core/Src/main.o
                0x00000000200005a4                hencoder
 .bss.hui       0x00000000200005c8      0x344 ./Core/Src/main.o
                0x00000000200005c8                hui
 .bss.hevent_queue
                0x000000002000090c        0x8 ./Core/Src/main.o
                0x000000002000090c                hevent_queue
 .bss.__sbrk_heap_end
                0x0000000020000914        0x4 ./Core/Src/sysmem.o
 .bss.uwTick    0x0000000020000918        0x4 ./Drivers/STM32F0xx_HAL_Driver/Src/stm32f0xx_hal.o
                0x0000000020000918                uwTick
 .bss.__malloc_free_list
                0x000000002000091c        0x4 C:/ST/STM32CubeIDE_1.13.2/STM32CubeIDE/plugins/com.st.stm32cube.ide.mcu.externaltools.gnu-tools-for-stm32.11.3.rel1.win32_1.1.1.202309131626/tools/bin/../lib/gcc/arm-none-eabi/11.3.1/../../../../arm-none-eabi/lib/thumb/v6-m/nofp\libc_nano.a(libc_a-mallocr.o)
                0x000000002000091c                __malloc_free_list
 .bss.__malloc_sbrk_start
                0x0000000020000920        0x4 C:/ST/STM32CubeIDE_1.13.2/STM32CubeIDE/plugins/com.st.stm32cube.ide.mcu.externaltools.gnu-tools-for-stm32.11.3.rel1.win32_1.1.1.202309131626/tools/bin/../lib/gcc/arm-none-eabi/11.3.1/../../../../arm-none-eabi/lib/thumb/v6-m/nofp\libc_nano.a(libc_a-mallocr.o)
                0x0000000020000920                __malloc_sbrk_start
 .bss.__sf      0x0000000020000924      0x138 C:/ST/STM32CubeIDE_1.13.2/STM32CubeIDE/plugins/com.st.stm32cube.ide.mcu.externaltools.gnu-tools-for-stm32.11.3.rel1.win32_1.1.1.202309131626/tools/bin/../lib/gcc/arm-none-eabi/11.3.1/../../../../arm-none-eabi/lib/thumb/v6-m/nofp\libc_nano.a(libc_a-findfp.o)
                0x0000000020000924                __sf
 .bss.__stdio_exit_handler
                0x0000000020000a5c        0x4 C:/ST/STM32CubeIDE_1.13.2/STM32CubeIDE/plugins/com.st.stm32cube.ide.mcu.externaltools.gnu-tools-for-stm32.11.3.rel1.win32_1.1.1.202309131626/tools/bin/../lib/gcc/arm-none-eabi/11.3.1/../../../../arm-none-eabi/lib/thumb/v6-m/nofp\libc_nano.a(libc_a-findfp.o)
                0x0000000020000a5c                __stdio_exit_handler