../Core/Src/lcd1602_rgb.c:7:19:lcd1602_init	24	static
../Core/Src/lcd1602_rgb.c:18:19:lcd1602_begin	32	static
../Core/Src/lcd1602_rgb.c:70:19:lcd1602_send	32	static
../Core/Src/lcd1602_rgb.c:77:19:lcd1602_command	32	static
../Core/Src/lcd1602_rgb.c:84:19:lcd1602_display	16	static
../Core/Src/lcd1602_rgb.c:90:19:lcd1602_clear	32	static
../Core/Src/lcd1602_rgb.c:102:19:lcd1602_setReg	32	static
../Core/Src/lcd1602_rgb.c:111:19:lcd1602_setRGB	32	static
../Core/Src/lcd1602_rgb.c:124:19:lcd1602_setCursor	32	static
../Core/Src/lcd1602_rgb.c:132:19:lcd1602_write_char	32	static
../Core/Src/lcd1602_rgb.c:138:19:lcd1602_send_string	32	static
../Core/Src/lcd1602_rgb.c:154:19:lcd1602_BlinkLED	32	static
../Core/Src/lcd1602_rgb.c:166:19:lcd1602_noBlinkLED	32	static
../Core/Src/lcd1602_rgb.c:178:19:lcd1602_stopBlink	16	static
../Core/Src/lcd1602_rgb.c:184:19:lcd1602_blink	16	static
../Core/Src/lcd1602_rgb.c:190:19:lcd1602_noCursor	16	static
../Core/Src/lcd1602_rgb.c:196:19:lcd1602_cursor	16	static
../Core/Src/lcd1602_rgb.c:202:19:lcd1602_scrollDisplayLeft	16	static
../Core/Src/lcd1602_rgb.c:207:19:lcd1602_scrollDisplayRight	16	static
../Core/Src/lcd1602_rgb.c:212:19:lcd1602_leftToRight	16	static
../Core/Src/lcd1602_rgb.c:218:19:lcd1602_rightToLeft	16	static
../Core/Src/lcd1602_rgb.c:224:19:lcd1602_noAutoscroll	16	static
../Core/Src/lcd1602_rgb.c:230:19:lcd1602_autoscroll	16	static
../Core/Src/lcd1602_rgb.c:237:19:lcd1602_customSymbol	48	static
../Core/Src/lcd1602_rgb.c:257:19:lcd1602_setColorWhite	16	static
../Core/Src/lcd1602_rgb.c:260:19:lcd1602_home	32	static
